<html>
<body>
<pre>
<h1>µVision Build Log</h1>
<h2>Tool Versions:</h2>
IDE-Version: ¦ÌVision V5.18.0.0
Copyright (C) 2016 ARM Ltd and ARM Germany GmbH. All rights reserved.
License Information: jxx Microsoft, Microsoft, LIC=QF8RA-10PWF-9G570-BIXKR-H9EMG-TXG7G
 
Tool Versions:
Toolchain:       MDK-ARM Standard  Version: 5.18
Toolchain Path:  D:\Keil_v5\ARM\ARMCC\Bin
C Compiler:      Armcc.exe V5.06 update 1 (build 61)
Assembler:       Armasm.exe V5.06 update 1 (build 61)
Linker/Locator:  ArmLink.exe V5.06 update 1 (build 61)
Library Manager: ArmAr.exe V5.06 update 1 (build 61)
Hex Converter:   FromElf.exe V5.06 update 1 (build 61)
CPU DLL:         SARMCM3.DLL V5.18
Dialog DLL:      DCM.DLL V1.13.6.0
Target DLL:      UL2CM3.DLL V1.157.5.0
Dialog DLL:      TCM.DLL V1.14.8.0
 
<h2>Project:</h2>
E:\STM32-Project\Lib-Project\ModbusDemo\ModbusDemo.uvprojx
Project File Date:  08/12/2016

<h2>Output:</h2>
*** Using Compiler 'V5.06 update 1 (build 61)', folder: 'D:\Keil_v5\ARM\ARMCC\Bin'
Build target 'ModbusDemo'
compiling main.c...
.\W5500\W5500.h(200): warning:  #47-D: incompatible redefinition of macro "TRUE" (declared at line 47 of ".\port\port.h")
  #define TRUE	0xff
.\W5500\W5500.h(201): warning:  #47-D: incompatible redefinition of macro "FALSE" (declared at line 51 of ".\port\port.h")
  #define FALSE	0x00
.\SYS\sys.h(4): warning:  #47-D: incompatible redefinition of macro "TRUE" (declared at line 200 of ".\W5500\W5500.h")
  #define TRUE 1
.\SYS\sys.h(5): warning:  #47-D: incompatible redefinition of macro "FALSE" (declared at line 201 of ".\W5500\W5500.h")
  #define FALSE 0
USER\main.c: 4 warnings, 0 errors
linking...
Program Size: Code=9896 RO-data=376 RW-data=316 ZI-data=2132  
FromELF: creating hex file...
".\Objects\ModbusDemo.axf" - 0 Error(s), 4 Warning(s).

<h2>Software Packages used:</h2>

Package Vendor: ARM
                http://www.keil.com/pack/ARM.CMSIS.4.5.0.pack
                ARM::CMSIS:CORE:4.3.0
                CMSIS (Cortex Microcontroller Software Interface Standard)
   * Component: CORE Version: 4.3.0

Package Vendor: Keil
                http://www.keil.com/pack/Keil.STM32F1xx_DFP.2.0.0.pack
                Keil::Device:Startup:1.0.0
                STMicroelectronics STM32F1 Series Device Support, Drivers and Examples
   * Component: Startup Version: 1.0.0

<h2>Collection of Component include folders:</h2>
  E:\STM32-Project\Lib-Project\ModbusDemo\RTE
  E:\STM32-Project\Lib-Project\ModbusDemo\RTE\Device\STM32F103ZE
  D:\Keil_v5\ARM\PACK\ARM\CMSIS\4.5.0\CMSIS\Include
  D:\Keil_v5\ARM\PACK\Keil\STM32F1xx_DFP\2.0.0\Device\Include

<h2>Collection of Component Files used:</h2>

   * Component: ARM::CMSIS:CORE:4.3.0

   * Component: Keil::Device:Startup:1.0.0
      Source file:   Device\Source\ARM\STM32F1xx_OPT.s
      Source file:   Device\Source\ARM\startup_stm32f10x_hd.s
      Source file:   Device\Source\system_stm32f10x.c
      Include file:  RTE_Driver\Config\RTE_Device.h
Build Time Elapsed:  00:00:02
</pre>
</body>
</html>
