Component: ARM Compiler 5.06 update 1 (build 61) Tool: armlink [4d35a8]

==============================================================================

Section Cross References

    mb.o(i.eMBClose) refers to mb.o(.data) for eMBState
    mb.o(i.eMBDisable) refers to mb.o(.data) for eMBState
    mb.o(i.eMBEnable) refers to mb.o(.data) for eMBState
    mb.o(i.eMBInit) refers to portevent.o(i.xMBPortEventInit) for xMBPortEventInit
    mb.o(i.eMBInit) refers to mb.o(.data) for ucMBAddress
    mb.o(i.eMBPoll) refers to portevent.o(i.xMBPortEventGet) for xMBPortEventGet
    mb.o(i.eMBPoll) refers to portevent.o(i.xMBPortEventPost) for xMBPortEventPost
    mb.o(i.eMBPoll) refers to mb.o(.data) for eMBState
    mb.o(i.eMBRegisterCB) refers to mb.o(.data) for xFuncHandlers
    mb.o(i.eMBTCPInit) refers to mbtcp.o(i.eMBTCPDoInit) for eMBTCPDoInit
    mb.o(i.eMBTCPInit) refers to portevent.o(i.xMBPortEventInit) for xMBPortEventInit
    mb.o(i.eMBTCPInit) refers to mb.o(.data) for eMBState
    mb.o(i.eMBTCPInit) refers to mbtcp.o(i.eMBTCPStart) for eMBTCPStart
    mb.o(i.eMBTCPInit) refers to mbtcp.o(i.eMBTCPStop) for eMBTCPStop
    mb.o(i.eMBTCPInit) refers to mbtcp.o(i.eMBTCPReceive) for eMBTCPReceive
    mb.o(i.eMBTCPInit) refers to mbtcp.o(i.eMBTCPSend) for eMBTCPSend
    mb.o(.data) refers to mbfuncother.o(i.eMBFuncReportSlaveID) for eMBFuncReportSlaveID
    mb.o(.data) refers to mbfuncinput.o(i.eMBFuncReadInputRegister) for eMBFuncReadInputRegister
    mb.o(.data) refers to mbfuncholding.o(i.eMBFuncReadHoldingRegister) for eMBFuncReadHoldingRegister
    mb.o(.data) refers to mbfuncholding.o(i.eMBFuncWriteMultipleHoldingRegister) for eMBFuncWriteMultipleHoldingRegister
    mb.o(.data) refers to mbfuncholding.o(i.eMBFuncWriteHoldingRegister) for eMBFuncWriteHoldingRegister
    mb.o(.data) refers to mbfuncholding.o(i.eMBFuncReadWriteMultipleHoldingRegister) for eMBFuncReadWriteMultipleHoldingRegister
    mb.o(.data) refers to mbfunccoils.o(i.eMBFuncReadCoils) for eMBFuncReadCoils
    mb.o(.data) refers to mbfunccoils.o(i.eMBFuncWriteCoil) for eMBFuncWriteCoil
    mb.o(.data) refers to mbfunccoils.o(i.eMBFuncWriteMultipleCoils) for eMBFuncWriteMultipleCoils
    mb.o(.data) refers to mbfuncdisc.o(i.eMBFuncReadDiscreteInputs) for eMBFuncReadDiscreteInputs
    main.o(i.eMBRegCoilsCB) refers to mbutils.o(i.xMBUtilGetBits) for xMBUtilGetBits
    main.o(i.eMBRegCoilsCB) refers to mbutils.o(i.xMBUtilSetBits) for xMBUtilSetBits
    main.o(i.eMBRegCoilsCB) refers to main.o(.data) for ucRegCoilsBuf
    main.o(i.eMBRegDiscreteCB) refers to mbutils.o(i.xMBUtilGetBits) for xMBUtilGetBits
    main.o(i.eMBRegDiscreteCB) refers to main.o(.data) for ucRegDiscreteBuf
    main.o(i.eMBRegHoldingCB) refers to main.o(.data) for usRegHoldingStart
    main.o(i.eMBRegInputCB) refers to main.o(.data) for usRegInputStart
    main.o(i.main) refers to _printf_percent.o(.ARM.Collect$$_printf_percent$$00000000) for _printf_percent
    main.o(i.main) refers to _printf_x.o(.ARM.Collect$$_printf_percent$$0000000C) for _printf_x
    main.o(i.main) refers to _printf_hex_int.o(.text) for _printf_longlong_hex
    main.o(i.main) refers to _printf_d.o(.ARM.Collect$$_printf_percent$$00000009) for _printf_d
    main.o(i.main) refers to _printf_dec.o(.text) for _printf_int_dec
    main.o(i.main) refers to sys.o(i.NVIC_Configuration) for NVIC_Configuration
    main.o(i.main) refers to sys.o(i.SysTick_Init) for SysTick_Init
    main.o(i.main) refers to usart.o(i.uart_init) for uart_init
    main.o(i.main) refers to w5500.o(i.W5500_NVIC_Configuration) for W5500_NVIC_Configuration
    main.o(i.main) refers to w5500.o(i.SPI_Configuration) for SPI_Configuration
    main.o(i.main) refers to w5500.o(i.Load_Net_Parameters) for Load_Net_Parameters
    main.o(i.main) refers to w5500.o(i.W5500_GPIO_Configuration) for W5500_GPIO_Configuration
    main.o(i.main) refers to w5500.o(i.W5500_Hardware_Reset) for W5500_Hardware_Reset
    main.o(i.main) refers to w5500.o(i.W5500_Init) for W5500_Init
    main.o(i.main) refers to sys.o(i.Delay_ms) for Delay_ms
    main.o(i.main) refers to w5500.o(i.Detect_Gateway) for Detect_Gateway
    main.o(i.main) refers to noretval__2printf.o(.text) for __2printf
    main.o(i.main) refers to mb.o(i.eMBTCPInit) for eMBTCPInit
    main.o(i.main) refers to mb.o(i.eMBEnable) for eMBEnable
    main.o(i.main) refers to w5500.o(i.Read_W5500_SOCK_1Byte) for Read_W5500_SOCK_1Byte
    main.o(i.main) refers to w5500.o(i.Read_W5500_SOCK_2Byte) for Read_W5500_SOCK_2Byte
    main.o(i.main) refers to w5500.o(i.Read_W5500_1Byte) for Read_W5500_1Byte
    main.o(i.main) refers to mb.o(i.eMBPoll) for eMBPoll
    stm32f10x_it.o(i.SysTick_Handler) refers to sys.o(i.TimingDelay_Decrement) for TimingDelay_Decrement
    stm32f10x_adc.o(i.ADC_DeInit) refers to stm32f10x_rcc.o(i.RCC_APB2PeriphResetCmd) for RCC_APB2PeriphResetCmd
    stm32f10x_bkp.o(i.BKP_DeInit) refers to stm32f10x_rcc.o(i.RCC_BackupResetCmd) for RCC_BackupResetCmd
[...]
    ../clib/signal.c                         0x00000000   Number         0  defsig_other.o ABSOLUTE
    ../clib/signal.c                         0x00000000   Number         0  defsig_abrt_formal.o ABSOLUTE
    ../clib/signal.c                         0x00000000   Number         0  defsig_abrt_outer.o ABSOLUTE
    ../clib/signal.c                         0x00000000   Number         0  defsig_stak_inner.o ABSOLUTE
    ../clib/signal.s                         0x00000000   Number         0  defsig.o ABSOLUTE
    ../clib/stdio.c                          0x00000000   Number         0  ferror_locked.o ABSOLUTE
    ../clib/stdio.c                          0x00000000   Number         0  ferror.o ABSOLUTE
    ../clib/stdlib.c                         0x00000000   Number         0  abort.o ABSOLUTE
    ../clib/stdlib.c                         0x00000000   Number         0  exit.o ABSOLUTE
    ../fplib/fpinit.s                        0x00000000   Number         0  fpinit.o ABSOLUTE
    Fwlib\\src\\misc.c                       0x00000000   Number         0  misc.o ABSOLUTE
    Fwlib\\src\\stm32f10x_adc.c              0x00000000   Number         0  stm32f10x_adc.o ABSOLUTE
    Fwlib\\src\\stm32f10x_bkp.c              0x00000000   Number         0  stm32f10x_bkp.o ABSOLUTE
    Fwlib\\src\\stm32f10x_can.c              0x00000000   Number         0  stm32f10x_can.o ABSOLUTE
    Fwlib\\src\\stm32f10x_cec.c              0x00000000   Number         0  stm32f10x_cec.o ABSOLUTE
    Fwlib\\src\\stm32f10x_crc.c              0x00000000   Number         0  stm32f10x_crc.o ABSOLUTE
    Fwlib\\src\\stm32f10x_dac.c              0x00000000   Number         0  stm32f10x_dac.o ABSOLUTE
    Fwlib\\src\\stm32f10x_dbgmcu.c           0x00000000   Number         0  stm32f10x_dbgmcu.o ABSOLUTE
    Fwlib\\src\\stm32f10x_dma.c              0x00000000   Number         0  stm32f10x_dma.o ABSOLUTE
    Fwlib\\src\\stm32f10x_exti.c             0x00000000   Number         0  stm32f10x_exti.o ABSOLUTE
    Fwlib\\src\\stm32f10x_flash.c            0x00000000   Number         0  stm32f10x_flash.o ABSOLUTE
    Fwlib\\src\\stm32f10x_fsmc.c             0x00000000   Number         0  stm32f10x_fsmc.o ABSOLUTE
    Fwlib\\src\\stm32f10x_gpio.c             0x00000000   Number         0  stm32f10x_gpio.o ABSOLUTE
    Fwlib\\src\\stm32f10x_i2c.c              0x00000000   Number         0  stm32f10x_i2c.o ABSOLUTE
    Fwlib\\src\\stm32f10x_iwdg.c             0x00000000   Number         0  stm32f10x_iwdg.o ABSOLUTE
    Fwlib\\src\\stm32f10x_pwr.c              0x00000000   Number         0  stm32f10x_pwr.o ABSOLUTE
    Fwlib\\src\\stm32f10x_rcc.c              0x00000000   Number         0  stm32f10x_rcc.o ABSOLUTE
    Fwlib\\src\\stm32f10x_rtc.c              0x00000000   Number         0  stm32f10x_rtc.o ABSOLUTE
    Fwlib\\src\\stm32f10x_sdio.c             0x00000000   Number         0  stm32f10x_sdio.o ABSOLUTE
    Fwlib\\src\\stm32f10x_spi.c              0x00000000   Number         0  stm32f10x_spi.o ABSOLUTE
    Fwlib\\src\\stm32f10x_tim.c              0x00000000   Number         0  stm32f10x_tim.o ABSOLUTE
    Fwlib\\src\\stm32f10x_usart.c            0x00000000   Number         0  stm32f10x_usart.o ABSOLUTE
    Fwlib\\src\\stm32f10x_wwdg.c             0x00000000   Number         0  stm32f10x_wwdg.o ABSOLUTE
    Fwlib\src\misc.c                         0x00000000   Number         0  misc.o ABSOLUTE
    Fwlib\src\stm32f10x_adc.c                0x00000000   Number         0  stm32f10x_adc.o ABSOLUTE
    Fwlib\src\stm32f10x_bkp.c                0x00000000   Number         0  stm32f10x_bkp.o ABSOLUTE
    Fwlib\src\stm32f10x_can.c                0x00000000   Number         0  stm32f10x_can.o ABSOLUTE
    Fwlib\src\stm32f10x_cec.c                0x00000000   Number         0  stm32f10x_cec.o ABSOLUTE
    Fwlib\src\stm32f10x_crc.c                0x00000000   Number         0  stm32f10x_crc.o ABSOLUTE
    Fwlib\src\stm32f10x_dac.c                0x00000000   Number         0  stm32f10x_dac.o ABSOLUTE
    Fwlib\src\stm32f10x_dbgmcu.c             0x00000000   Number         0  stm32f10x_dbgmcu.o ABSOLUTE
    Fwlib\src\stm32f10x_dma.c                0x00000000   Number         0  stm32f10x_dma.o ABSOLUTE
    Fwlib\src\stm32f10x_exti.c               0x00000000   Number         0  stm32f10x_exti.o ABSOLUTE
    Fwlib\src\stm32f10x_flash.c              0x00000000   Number         0  stm32f10x_flash.o ABSOLUTE
    Fwlib\src\stm32f10x_fsmc.c               0x00000000   Number         0  stm32f10x_fsmc.o ABSOLUTE
    Fwlib\src\stm32f10x_gpio.c               0x00000000   Number         0  stm32f10x_gpio.o ABSOLUTE
    Fwlib\src\stm32f10x_i2c.c                0x00000000   Number         0  stm32f10x_i2c.o ABSOLUTE
    Fwlib\src\stm32f10x_iwdg.c               0x00000000   Number         0  stm32f10x_iwdg.o ABSOLUTE
    Fwlib\src\stm32f10x_pwr.c                0x00000000   Number         0  stm32f10x_pwr.o ABSOLUTE
    Fwlib\src\stm32f10x_rcc.c                0x00000000   Number         0  stm32f10x_rcc.o ABSOLUTE
    Fwlib\src\stm32f10x_rtc.c                0x00000000   Number         0  stm32f10x_rtc.o ABSOLUTE
    Fwlib\src\stm32f10x_sdio.c               0x00000000   Number         0  stm32f10x_sdio.o ABSOLUTE
    Fwlib\src\stm32f10x_spi.c                0x00000000   Number         0  stm32f10x_spi.o ABSOLUTE
    Fwlib\src\stm32f10x_tim.c                0x00000000   Number         0  stm32f10x_tim.o ABSOLUTE
    Fwlib\src\stm32f10x_usart.c              0x00000000   Number         0  stm32f10x_usart.o ABSOLUTE
    Fwlib\src\stm32f10x_wwdg.c               0x00000000   Number         0  stm32f10x_wwdg.o ABSOLUTE
    RTE\Device\STM32F103ZE\startup_stm32f10x_hd.s 0x00000000   Number         0  startup_stm32f10x_hd.o ABSOLUTE
    RTE\Device\STM32F103ZE\system_stm32f10x.c 0x00000000   Number         0  system_stm32f10x_1.o ABSOLUTE
    RTE\\Device\\STM32F103ZE\\system_stm32f10x.c 0x00000000   Number         0  system_stm32f10x_1.o ABSOLUTE
    SYS\\sys.c                               0x00000000   Number         0  sys.o ABSOLUTE
    SYS\sys.c                                0x00000000   Number         0  sys.o ABSOLUTE
    USART\\usart.c                           0x00000000   Number         0  usart.o ABSOLUTE
    USART\usart.c                            0x00000000   Number         0  usart.o ABSOLUTE
    USER\\main.c                             0x00000000   Number         0  main.o ABSOLUTE
    USER\\stm32f10x_it.c                     0x00000000   Number         0  stm32f10x_it.o ABSOLUTE
    USER\main.c                              0x00000000   Number         0  main.o ABSOLUTE
    USER\stm32f10x_it.c                      0x00000000   Number         0  stm32f10x_it.o ABSOLUTE
    W5500\W5500.c                            0x00000000   Number         0  w5500.o ABSOLUTE
    W5500\\W5500.c                           0x00000000   Number         0  w5500.o ABSOLUTE
    dc.s                                     0x00000000   Number         0  dc.o ABSOLUTE
    modbus\ascii\mbascii.c                   0x00000000   Number         0  mbascii.o ABSOLUTE
    modbus\functions\mbfunccoils.c           0x00000000   Number         0  mbfunccoils.o ABSOLUTE
    modbus\functions\mbfuncdiag.c            0x00000000   Number         0  mbfuncdiag.o ABSOLUTE
    modbus\functions\mbfuncdisc.c            0x00000000   Number         0  mbfuncdisc.o ABSOLUTE
    modbus\functions\mbfuncholding.c         0x00000000   Number         0  mbfuncholding.o ABSOLUTE
    modbus\functions\mbfuncinput.c           0x00000000   Number         0  mbfuncinput.o ABSOLUTE
    modbus\functions\mbfuncother.c           0x00000000   Number         0  mbfuncother.o ABSOLUTE
    modbus\functions\mbutils.c               0x00000000   Number         0  mbutils.o ABSOLUTE
    modbus\mb.c                              0x00000000   Number         0  mb.o ABSOLUTE
    modbus\rtu\mbcrc.c                       0x00000000   Number         0  mbcrc.o ABSOLUTE
    modbus\rtu\mbrtu.c                       0x00000000   Number         0  mbrtu.o ABSOLUTE
    modbus\tcp\mbtcp.c                       0x00000000   Number         0  mbtcp.o ABSOLUTE
    port\\portserial.c                       0x00000000   Number         0  portserial.o ABSOLUTE
    port\\porttimer.c                        0x00000000   Number         0  porttimer.o ABSOLUTE
    port\portevent.c                         0x00000000   Number         0  portevent.o ABSOLUTE
    port\portserial.c                        0x00000000   Number         0  portserial.o ABSOLUTE
    port\porttcp.c                           0x00000000   Number         0  porttcp.o ABSOLUTE
    port\porttimer.c                         0x00000000   Number         0  porttimer.o ABSOLUTE
    RESET                                    0x08000000   Section      304  startup_stm32f10x_hd.o(RESET)
    !!!main                                  0x08000130   Section        8  __main.o(!!!main)
    !!!scatter                               0x08000138   Section       52  __scatter.o(!!!scatter)
    !!dczerorl2                              0x0800016c   Section       90  __dczerorl2.o(!!dczerorl2)
    !!handler_zi                             0x080001c8   Section       28  __scatter_zi.o(!!handler_zi)
    .ARM.Collect$$_printf_percent$$00000000  0x080001e4   Section        0  _printf_percent.o(.ARM.Collect$$_printf_percent$$00000000)
    .ARM.Collect$$_printf_percent$$00000009  0x080001e4   Section        6  _printf_d.o(.ARM.Collect$$_printf_percent$$00000009)
    .ARM.Collect$$_printf_percent$$0000000C  0x080001ea   Section        6  _printf_x.o(.ARM.Collect$$_printf_percent$$0000000C)
    .ARM.Collect$$_printf_percent$$00000017  0x080001f0   Section        4  _printf_percent_end.o(.ARM.Collect$$_printf_percent$$00000017)
    .ARM.Collect$$libinit$$00000000          0x080001f4   Section        2  libinit.o(.ARM.Collect$$libinit$$00000000)
    .ARM.Collect$$libinit$$00000002          0x080001f6   Section        0  libinit2.o(.ARM.Collect$$libinit$$00000002)
    .ARM.Collect$$libinit$$00000004          0x080001f6   Section        0  libinit2.o(.ARM.Collect$$libinit$$00000004)
    .ARM.Collect$$libinit$$0000000A          0x080001f6   Section        0  libinit2.o(.ARM.Collect$$libinit$$0000000A)
    .ARM.Collect$$libinit$$0000000C          0x080001f6   Section        0  libinit2.o(.ARM.Collect$$libinit$$0000000C)
    .ARM.Collect$$libinit$$0000000E          0x080001f6   Section        0  libinit2.o(.ARM.Collect$$libinit$$0000000E)
    .ARM.Collect$$libinit$$00000011          0x080001f6   Section        0  libinit2.o(.ARM.Collect$$libinit$$00000011)
    .ARM.Collect$$libinit$$00000013          0x080001f6   Section        0  libinit2.o(.ARM.Collect$$libinit$$00000013)
    .ARM.Collect$$libinit$$00000015          0x080001f6   Section        0  libinit2.o(.ARM.Collect$$libinit$$00000015)
    .ARM.Collect$$libinit$$00000017          0x080001f6   Section        0  libinit2.o(.ARM.Collect$$libinit$$00000017)
    .ARM.Collect$$libinit$$00000019          0x080001f6   Section        0  libinit2.o(.ARM.Collect$$libinit$$00000019)
    .ARM.Collect$$libinit$$0000001B          0x080001f6   Section        0  libinit2.o(.ARM.Collect$$libinit$$0000001B)
    .ARM.Collect$$libinit$$0000001D          0x080001f6   Section        0  libinit2.o(.ARM.Collect$$libinit$$0000001D)
    .ARM.Collect$$libinit$$0000001F          0x080001f6   Section        0  libinit2.o(.ARM.Collect$$libinit$$0000001F)
    .ARM.Collect$$libinit$$00000021          0x080001f6   Section        0  libinit2.o(.ARM.Collect$$libinit$$00000021)
    .ARM.Collect$$libinit$$00000023          0x080001f6   Section        0  libinit2.o(.ARM.Collect$$libinit$$00000023)
    .ARM.Collect$$libinit$$00000025          0x080001f6   Section        0  libinit2.o(.ARM.Collect$$libinit$$00000025)
    .ARM.Collect$$libinit$$0000002C          0x080001f6   Section        0  libinit2.o(.ARM.Collect$$libinit$$0000002C)
    .ARM.Collect$$libinit$$0000002E          0x080001f6   Section        0  libinit2.o(.ARM.Collect$$libinit$$0000002E)
    .ARM.Collect$$libinit$$00000030          0x080001f6   Section        0  libinit2.o(.ARM.Collect$$libinit$$00000030)
    .ARM.Collect$$libinit$$00000032          0x080001f6   Section        0  libinit2.o(.ARM.Collect$$libinit$$00000032)
    .ARM.Collect$$libinit$$00000033          0x080001f6   Section        2  libinit2.o(.ARM.Collect$$libinit$$00000033)
    .ARM.Collect$$libshutdown$$00000000      0x080001f8   Section        2  libshutdown.o(.ARM.Collect$$libshutdown$$00000000)
    .ARM.Collect$$libshutdown$$00000002      0x080001fa   Section        0  libshutdown2.o(.ARM.Collect$$libshutdown$$00000002)
    .ARM.Collect$$libshutdown$$00000004      0x080001fa   Section        0  libshutdown2.o(.ARM.Collect$$libshutdown$$00000004)
    .ARM.Collect$$libshutdown$$00000007      0x080001fa   Section        0  libshutdown2.o(.ARM.Collect$$libshutdown$$00000007)
    .ARM.Collect$$libshutdown$$0000000A      0x080001fa   Section        0  libshutdown2.o(.ARM.Collect$$libshutdown$$0000000A)
    .ARM.Collect$$libshutdown$$0000000C      0x080001fa   Section        0  libshutdown2.o(.ARM.Collect$$libshutdown$$0000000C)
    .ARM.Collect$$libshutdown$$0000000F      0x080001fa   Section        0  libshutdown2.o(.ARM.Collect$$libshutdown$$0000000F)
    .ARM.Collect$$libshutdown$$00000010      0x080001fa   Section        2  libshutdown2.o(.ARM.Collect$$libshutdown$$00000010)
    .ARM.Collect$$rtentry$$00000000          0x080001fc   Section        0  __rtentry.o(.ARM.Collect$$rtentry$$00000000)
    .ARM.Collect$$rtentry$$00000002          0x080001fc   Section        0  __rtentry2.o(.ARM.Collect$$rtentry$$00000002)
    .ARM.Collect$$rtentry$$00000004          0x080001fc   Section        6  __rtentry4.o(.ARM.Collect$$rtentry$$00000004)
    .ARM.Collect$$rtentry$$00000009          0x08000202   Section        0  __rtentry2.o(.ARM.Collect$$rtentry$$00000009)
    .ARM.Collect$$rtentry$$0000000A          0x08000202   Section        4  __rtentry2.o(.ARM.Collect$$rtentry$$0000000A)
    .ARM.Collect$$rtentry$$0000000C          0x08000206   Section        0  __rtentry2.o(.ARM.Collect$$rtentry$$0000000C)
    .ARM.Collect$$rtentry$$0000000D          0x08000206   Section        8  __rtentry2.o(.ARM.Collect$$rtentry$$0000000D)
    .ARM.Collect$$rtexit$$00000000           0x0800020e   Section        2  rtexit.o(.ARM.Collect$$rtexit$$00000000)
    .ARM.Collect$$rtexit$$00000002           0x08000210   Section        0  rtexit2.o(.ARM.Collect$$rtexit$$00000002)
    .ARM.Collect$$rtexit$$00000003           0x08000210   Section        4  rtexit2.o(.ARM.Collect$$rtexit$$00000003)
    .ARM.Collect$$rtexit$$00000004           0x08000214   Section        6  rtexit2.o(.ARM.Collect$$rtexit$$00000004)
    .text                                    0x0800021c   Section       64  startup_stm32f10x_hd.o(.text)
    .text                                    0x0800025c   Section        0  noretval__2printf.o(.text)
    .text                                    0x08000274   Section        0  __printf.o(.text)
    .text                                    0x080002dc   Section        0  _printf_dec.o(.text)
    .text                                    0x08000354   Section        0  _printf_hex_int.o(.text)
    .text                                    0x080003ac   Section        0  assert.o(.text)
    .text                                    0x0800042c   Section      138  rt_memcpy_v6.o(.text)
    .text                                    0x080004b6   Section        0  heapauxi.o(.text)
    .text                                    0x080004bc   Section        0  _printf_intcommon.o(.text)
    .text                                    0x08000570   Section        0  _printf_char_file.o(.text)
    .text                                    0x08000594   Section        0  abort.o(.text)
    .text                                    0x080005aa   Section        0  assert_puts.o(.text)
    .text                                    0x080005be   Section      100  rt_memcpy_w.o(.text)
    .text                                    0x08000622   Section        0  sys_wrch.o(.text)
    .text                                    0x08000630   Section        0  _printf_char_common.o(.text)
    _printf_input_char                       0x08000631   Thumb Code    10  _printf_char_common.o(.text)
    .text                                    0x08000660   Section        0  ferror.o(.text)
    .text                                    0x08000668   Section        0  defsig_abrt_outer.o(.text)
    .text                                    0x08000676   Section        2  use_no_semi.o(.text)
    .text                                    0x08000678   Section        0  indicate_semi.o(.text)
    .text                                    0x08000678   Section       74  sys_stackheap_outer.o(.text)
    .text                                    0x080006c2   Section        0  exit.o(.text)
    .text                                    0x080006d4   Section        0  defsig_exit.o(.text)
    .text                                    0x080006e0   Section        0  defsig_abrt_inner.o(.text)
    .text                                    0x08000710   Section        8  libspace.o(.text)
    .text                                    0x08000718   Section        0  defsig_general.o(.text)
    i.BusFault_Handler                       0x0800074a   Section        0  stm32f10x_it.o(i.BusFault_Handler)
    i.DebugMon_Handler                       0x0800074e   Section        0  stm32f10x_it.o(i.DebugMon_Handler)
    i.Delay_ms                               0x08000750   Section        0  sys.o(i.Delay_ms)
    i.Delay_us                               0x08000764   Section        0  sys.o(i.Delay_us)
    i.Detect_Gateway                         0x0800079c   Section        0  w5500.o(i.Detect_Gateway)
    i.EXTI4_IRQHandler                       0x08000864   Section        0  w5500.o(i.EXTI4_IRQHandler)
    i.EXTI_ClearITPendingBit                 0x08000880   Section        0  stm32f10x_exti.o(i.EXTI_ClearITPendingBit)
    i.EXTI_GetITStatus                       0x0800088c   Section        0  stm32f10x_exti.o(i.EXTI_GetITStatus)
    i.EXTI_Init                              0x080008b4   Section        0  stm32f10x_exti.o(i.EXTI_Init)
    i.GPIO_EXTILineConfig                    0x08000948   Section        0  stm32f10x_gpio.o(i.GPIO_EXTILineConfig)
    i.GPIO_Init                              0x08000988   Section        0  stm32f10x_gpio.o(i.GPIO_Init)
    i.GPIO_ResetBits                         0x08000a9e   Section        0  stm32f10x_gpio.o(i.GPIO_ResetBits)
    i.GPIO_SetBits                           0x08000aa2   Section        0  stm32f10x_gpio.o(i.GPIO_SetBits)
    i.HardFault_Handler                      0x08000aa6   Section        0  stm32f10x_it.o(i.HardFault_Handler)
    i.Load_Net_Parameters                    0x08000aac   Section        0  w5500.o(i.Load_Net_Parameters)
    i.MemManage_Handler                      0x08000b24   Section        0  stm32f10x_it.o(i.MemManage_Handler)
    i.NMI_Handler                            0x08000b28   Section        0  stm32f10x_it.o(i.NMI_Handler)
    i.NVIC_Configuration                     0x08000b2a   Section        0  sys.o(i.NVIC_Configuration)
    i.NVIC_Init                              0x08000b38   Section        0  misc.o(i.NVIC_Init)
    i.NVIC_PriorityGroupConfig               0x08000ba8   Section        0  misc.o(i.NVIC_PriorityGroupConfig)
    i.PendSV_Handler                         0x08000bbc   Section        0  stm32f10x_it.o(i.PendSV_Handler)
    i.RCC_APB2PeriphClockCmd                 0x08000bc0   Section        0  stm32f10x_rcc.o(i.RCC_APB2PeriphClockCmd)
    i.RCC_GetClocksFreq                      0x08000be0   Section        0  stm32f10x_rcc.o(i.RCC_GetClocksFreq)
    i.Read_SOCK_Data_Buffer                  0x08000cb4   Section        0  w5500.o(i.Read_SOCK_Data_Buffer)
    i.Read_W5500_1Byte                       0x08000ddc   Section        0  w5500.o(i.Read_W5500_1Byte)
    i.Read_W5500_SOCK_1Byte                  0x08000e20   Section        0  w5500.o(i.Read_W5500_SOCK_1Byte)
    i.Read_W5500_SOCK_2Byte                  0x08000e70   Section        0  w5500.o(i.Read_W5500_SOCK_2Byte)
    i.SPI1_Send_Byte                         0x08000ed8   Section        0  w5500.o(i.SPI1_Send_Byte)
    i.SPI1_Send_Short                        0x08000ef8   Section        0  w5500.o(i.SPI1_Send_Short)
    i.SPI_Cmd                                0x08000f14   Section        0  stm32f10x_spi.o(i.SPI_Cmd)
    i.SPI_Configuration                      0x08000f2c   Section        0  w5500.o(i.SPI_Configuration)
    i.SPI_I2S_GetFlagStatus                  0x08000fd0   Section        0  stm32f10x_spi.o(i.SPI_I2S_GetFlagStatus)
    i.SPI_I2S_ReceiveData                    0x08000fe2   Section        0  stm32f10x_spi.o(i.SPI_I2S_ReceiveData)
    i.SPI_I2S_SendData                       0x08000fe8   Section        0  stm32f10x_spi.o(i.SPI_I2S_SendData)
    i.SPI_Init                               0x08000fec   Section        0  stm32f10x_spi.o(i.SPI_Init)
    i.SVC_Handler                            0x08001028   Section        0  stm32f10x_it.o(i.SVC_Handler)
    i.SetSysClock                            0x0800102a   Section        0  system_stm32f10x_1.o(i.SetSysClock)
    SetSysClock                              0x0800102b   Thumb Code     8  system_stm32f10x_1.o(i.SetSysClock)
    i.SetSysClockTo72                        0x08001034   Section        0  system_stm32f10x_1.o(i.SetSysClockTo72)
    SetSysClockTo72                          0x08001035   Thumb Code   214  system_stm32f10x_1.o(i.SetSysClockTo72)
    i.Socket_Connect                         0x08001114   Section        0  w5500.o(i.Socket_Connect)
    i.Socket_Init                            0x0800115c   Section        0  w5500.o(i.Socket_Init)
    i.Socket_Listen                          0x080011d0   Section        0  w5500.o(i.Socket_Listen)
    i.Socket_UDP                             0x08001236   Section        0  w5500.o(i.Socket_UDP)
    i.SysTick_Handler                        0x08001272   Section        0  stm32f10x_it.o(i.SysTick_Handler)
    i.SysTick_Init                           0x0800127c   Section        0  sys.o(i.SysTick_Init)
    i.SystemInit                             0x080012f4   Section        0  system_stm32f10x_1.o(i.SystemInit)
    i.TIM4_IRQHandler                        0x08001354   Section        0  porttimer.o(i.TIM4_IRQHandler)
    i.TIM_ClearITPendingBit                  0x08001374   Section        0  stm32f10x_tim.o(i.TIM_ClearITPendingBit)
    i.TIM_GetITStatus                        0x0800137a   Section        0  stm32f10x_tim.o(i.TIM_GetITStatus)
    i.TimingDelay_Decrement                  0x0800139c   Section        0  sys.o(i.TimingDelay_Decrement)
    i.USART1_IRQHandler                      0x080013b4   Section        0  usart.o(i.USART1_IRQHandler)
    i.USART_Cmd                              0x0800143c   Section        0  stm32f10x_usart.o(i.USART_Cmd)
    i.USART_GetITStatus                      0x08001454   Section        0  stm32f10x_usart.o(i.USART_GetITStatus)
    i.USART_ITConfig                         0x080014a8   Section        0  stm32f10x_usart.o(i.USART_ITConfig)
    i.USART_Init                             0x080014f4   Section        0  stm32f10x_usart.o(i.USART_Init)
    i.USART_ReceiveData                      0x080015cc   Section        0  stm32f10x_usart.o(i.USART_ReceiveData)
    i.UsageFault_Handler                     0x080015d6   Section        0  stm32f10x_it.o(i.UsageFault_Handler)
    i.W5500_GPIO_Configuration               0x080015dc   Section        0  w5500.o(i.W5500_GPIO_Configuration)
    i.W5500_Hardware_Reset                   0x08001644   Section        0  w5500.o(i.W5500_Hardware_Reset)
    i.W5500_Init                             0x08001678   Section        0  w5500.o(i.W5500_Init)
    i.W5500_Interrupt_Process                0x08001710   Section        0  w5500.o(i.W5500_Interrupt_Process)
    i.W5500_NVIC_Configuration               0x080017d0   Section        0  w5500.o(i.W5500_NVIC_Configuration)
    i.W5500_Socket_Set                       0x080017f0   Section        0  w5500.o(i.W5500_Socket_Set)
    i.Write_SOCK_Data_Buffer                 0x08001858   Section        0  w5500.o(i.Write_SOCK_Data_Buffer)
    i.Write_W5500_1Byte                      0x08001964   Section        0  w5500.o(i.Write_W5500_1Byte)
    i.Write_W5500_2Byte                      0x08001994   Section        0  w5500.o(i.Write_W5500_2Byte)
    i.Write_W5500_SOCK_1Byte                 0x080019c4   Section        0  w5500.o(i.Write_W5500_SOCK_1Byte)
    i.Write_W5500_SOCK_2Byte                 0x08001a00   Section        0  w5500.o(i.Write_W5500_SOCK_2Byte)
    i.Write_W5500_SOCK_4Byte                 0x08001a3c   Section        0  w5500.o(i.Write_W5500_SOCK_4Byte)
    i.Write_W5500_nByte                      0x08001a90   Section        0  w5500.o(i.Write_W5500_nByte)
    i._sys_exit                              0x08001ad4   Section        0  usart.o(i._sys_exit)
    i.eMBEnable                              0x08001adc   Section        0  mb.o(i.eMBEnable)
    i.eMBFuncReadCoils                       0x08001b04   Section        0  mbfunccoils.o(i.eMBFuncReadCoils)
    i.eMBFuncReadDiscreteInputs              0x08001baa   Section        0  mbfuncdisc.o(i.eMBFuncReadDiscreteInputs)
    i.eMBFuncReadHoldingRegister             0x08001c4e   Section        0  mbfuncholding.o(i.eMBFuncReadHoldingRegister)
    i.eMBFuncReadInputRegister               0x08001cd2   Section        0  mbfuncinput.o(i.eMBFuncReadInputRegister)
    i.eMBFuncReadWriteMultipleHoldingRegister 0x08001d56   Section        0  mbfuncholding.o(i.eMBFuncReadWriteMultipleHoldingRegister)
    i.eMBFuncReportSlaveID                   0x08001e2c   Section        0  mbfuncother.o(i.eMBFuncReportSlaveID)
    i.eMBFuncWriteCoil                       0x08001e54   Section        0  mbfunccoils.o(i.eMBFuncWriteCoil)
    i.eMBFuncWriteHoldingRegister            0x08001ec0   Section        0  mbfuncholding.o(i.eMBFuncWriteHoldingRegister)
    i.eMBFuncWriteMultipleCoils              0x08001efe   Section        0  mbfunccoils.o(i.eMBFuncWriteMultipleCoils)
    i.eMBFuncWriteMultipleHoldingRegister    0x08001f8c   Section        0  mbfuncholding.o(i.eMBFuncWriteMultipleHoldingRegister)
    i.eMBPoll                                0x08001ff8   Section        0  mb.o(i.eMBPoll)
    i.eMBRegCoilsCB                          0x08002130   Section        0  main.o(i.eMBRegCoilsCB)
    i.eMBRegDiscreteCB                       0x080021c8   Section        0  main.o(i.eMBRegDiscreteCB)
    i.eMBRegHoldingCB                        0x08002228   Section        0  main.o(i.eMBRegHoldingCB)
    i.eMBRegInputCB                          0x080022ac   Section        0  main.o(i.eMBRegInputCB)
    i.eMBTCPDoInit                           0x080022f8   Section        0  mbtcp.o(i.eMBTCPDoInit)
    i.eMBTCPInit                             0x0800230c   Section        0  mb.o(i.eMBTCPInit)
    i.eMBTCPReceive                          0x08002394   Section        0  mbtcp.o(i.eMBTCPReceive)
    i.eMBTCPSend                             0x080023dc   Section        0  mbtcp.o(i.eMBTCPSend)
    i.eMBTCPStart                            0x0800240c   Section        0  mbtcp.o(i.eMBTCPStart)
    i.eMBTCPStop                             0x0800240e   Section        0  mbtcp.o(i.eMBTCPStop)
    i.fputc                                  0x08002418   Section        0  usart.o(i.fputc)
    i.main                                   0x08002434   Section        0  main.o(i.main)
    i.prveMBError2Exception                  0x08002548   Section        0  mbutils.o(i.prveMBError2Exception)
    i.prvvTIMERExpiredISR                    0x0800256c   Section        0  porttimer.o(i.prvvTIMERExpiredISR)
    prvvTIMERExpiredISR                      0x0800256d   Thumb Code    10  porttimer.o(i.prvvTIMERExpiredISR)
    i.uart_init                              0x0800257c   Section        0  usart.o(i.uart_init)
    i.vMBTCPPortDisable                      0x0800261c   Section        0  porttcp.o(i.vMBTCPPortDisable)
    i.xMBPortEventGet                        0x08002620   Section        0  portevent.o(i.xMBPortEventGet)
    i.xMBPortEventInit                       0x0800264c   Section        0  portevent.o(i.xMBPortEventInit)
    i.xMBPortEventPost                       0x0800265c   Section        0  portevent.o(i.xMBPortEventPost)
    i.xMBPortTCPPool                         0x08002674   Section        0  porttcp.o(i.xMBPortTCPPool)
    i.xMBTCPPortGetRequest                   0x080026c4   Section        0  porttcp.o(i.xMBTCPPortGetRequest)
    i.xMBTCPPortInit                         0x080026e4   Section        0  porttcp.o(i.xMBTCPPortInit)
    i.xMBTCPPortSendResponse                 0x08002704   Section        0  porttcp.o(i.xMBTCPPortSendResponse)
    i.xMBUtilGetBits                         0x08002718   Section        0  mbutils.o(i.xMBUtilGetBits)
    i.xMBUtilSetBits                         0x08002744   Section        0  mbutils.o(i.xMBUtilSetBits)
    .constdata                               0x080027d8   Section       40  _printf_hex_int.o(.constdata)
    uc_hextab                                0x080027d8   Data          20  _printf_hex_int.o(.constdata)
    lc_hextab                                0x080027ec   Data          20  _printf_hex_int.o(.constdata)
    .data                                    0x20000000   Section      181  mb.o(.data)
    ucMBAddress                              0x20000000   Data           1  mb.o(.data)
    eMBCurrentMode                           0x20000001   Data           1  mb.o(.data)
    eMBState                                 0x20000002   Data           1  mb.o(.data)
    peMBFrameSendCur                         0x20000004   Data           4  mb.o(.data)
    pvMBFrameStartCur                        0x20000008   Data           4  mb.o(.data)
    pvMBFrameStopCur                         0x2000000c   Data           4  mb.o(.data)
    peMBFrameReceiveCur                      0x20000010   Data           4  mb.o(.data)
    pvMBFrameCloseCur                        0x20000014   Data           4  mb.o(.data)
    xFuncHandlers                            0x2000002c   Data         128  mb.o(.data)
    ucMBFrame                                0x200000ac   Data           4  mb.o(.data)
    ucRcvAddress                             0x200000b0   Data           1  mb.o(.data)
    ucFunctionCode                           0x200000b1   Data           1  mb.o(.data)
    usLength                                 0x200000b2   Data           2  mb.o(.data)
    eException                               0x200000b4   Data           1  mb.o(.data)
    .data                                    0x200000b6   Section       40  main.o(.data)
    .data                                    0x200000de   Section       20  stm32f10x_rcc.o(.data)
    APBAHBPrescTable                         0x200000de   Data          16  stm32f10x_rcc.o(.data)
    ADCPrescTable                            0x200000ee   Data           4  stm32f10x_rcc.o(.data)
    .data                                    0x200000f2   Section        2  mbfuncother.o(.data)
    usMBSlaveIDLen                           0x200000f2   Data           2  mbfuncother.o(.data)
    .data                                    0x200000f4   Section        2  portevent.o(.data)
    eQueuedEvent                             0x200000f4   Data           1  portevent.o(.data)
    xEventInQueue                            0x200000f5   Data           1  portevent.o(.data)
    .data                                    0x200000f6   Section        2  porttcp.o(.data)
    usTCPBufLen                              0x200000f6   Data           2  porttcp.o(.data)
    .data                                    0x200000f8   Section       36  w5500.o(.data)
    .data                                    0x2000011c   Section        4  sys.o(.data)
    .data                                    0x20000120   Section        6  usart.o(.data)
    .data                                    0x20000128   Section       20  system_stm32f10x_1.o(.data)
    .bss                                     0x2000013c   Section       32  mbfuncother.o(.bss)
    ucMBSlaveID                              0x2000013c   Data          32  mbfuncother.o(.bss)
    .bss                                     0x2000015c   Section      263  porttcp.o(.bss)
    aucTCPBuf                                0x2000015c   Data         263  porttcp.o(.bss)
    .bss                                     0x20000263   Section      200  usart.o(.bss)
    .bss                                     0x2000032c   Section       96  libspace.o(.bss)
    HEAP                                     0x20000390   Section      512  startup_stm32f10x_hd.o(HEAP)
    Heap_Mem                                 0x20000390   Data         512  startup_stm32f10x_hd.o(HEAP)
    STACK                                    0x20000590   Section     1024  startup_stm32f10x_hd.o(STACK)
    Stack_Mem                                0x20000590   Data        1024  startup_stm32f10x_hd.o(STACK)
    __initial_sp                             0x20000990   Data           0  startup_stm32f10x_hd.o(STACK)

    Global Symbols

    Symbol Name                              Value     Ov Type        Size  Object(Section)

    BuildAttributes$$THM_ISAv4$P$D$K$B$S$PE$A:L22UL41UL21$X:L11$S22US41US21$IEEE1$IW$USESV6$~STKCKD$USESV7$~SHL$OSPACE$ROPI$EBA8$UX$STANDARDLIB$REQ8$PRES8$EABIv2 0x00000000   Number         0  anon$$obj.o ABSOLUTE
    __ARM_use_no_argv                        0x00000000   Number         0  main.o ABSOLUTE
    __ARM_exceptions_init                     - Undefined Weak Reference
    __alloca_initialize                       - Undefined Weak Reference
    __arm_preinit_                            - Undefined Weak Reference
    __cpp_initialize__aeabi_                  - Undefined Weak Reference
    __cxa_finalize                            - Undefined Weak Reference
    __rt_locale                               - Undefined Weak Reference
    __sigvec_lookup                           - Undefined Weak Reference
    _atexit_init                              - Undefined Weak Reference
    _call_atexit_fns                          - Undefined Weak Reference
    _clock_init                               - Undefined Weak Reference
    _fp_trap_init                             - Undefined Weak Reference
    _fp_trap_shutdown                         - Undefined Weak Reference
    _get_lc_collate                           - Undefined Weak Reference
    _get_lc_ctype                             - Undefined Weak Reference
    _get_lc_monetary                          - Undefined Weak Reference
    _get_lc_numeric                           - Undefined Weak Reference
    _get_lc_time                              - Undefined Weak Reference
    _getenv_init                              - Undefined Weak Reference
    _handle_redirection                       - Undefined Weak Reference
    _init_alloc                               - Undefined Weak Reference
    _init_user_alloc                          - Undefined Weak Reference
    _initio                                   - Undefined Weak Reference
    _mutex_acquire                            - Undefined Weak Reference
    _mutex_release                            - Undefined Weak Reference
    _printf_post_padding                      - Undefined Weak Reference
    _printf_pre_padding                       - Undefined Weak Reference
    _printf_truncate_signed                   - Undefined Weak Reference
    _printf_truncate_unsigned                 - Undefined Weak Reference
    _rand_init                                - Undefined Weak Reference
    _signal_finish                            - Undefined Weak Reference
    _signal_init                              - Undefined Weak Reference
    _terminate_alloc                          - Undefined Weak Reference
    _terminate_user_alloc                     - Undefined Weak Reference
    _terminateio                              - Undefined Weak Reference
    __Vectors_Size                           0x00000130   Number         0  startup_stm32f10x_hd.o ABSOLUTE
    __Vectors                                0x08000000   Data           4  startup_stm32f10x_hd.o(RESET)
    __Vectors_End                            0x08000130   Data           0  startup_stm32f10x_hd.o(RESET)
    __main                                   0x08000131   Thumb Code     8  __main.o(!!!main)
    __scatterload                            0x08000139   Thumb Code     0  __scatter.o(!!!scatter)
    __scatterload_rt2                        0x08000139   Thumb Code    44  __scatter.o(!!!scatter)
    __scatterload_rt2_thumb_only             0x08000139   Thumb Code     0  __scatter.o(!!!scatter)
    __scatterload_null                       0x08000147   Thumb Code     0  __scatter.o(!!!scatter)
    __decompress                             0x0800016d   Thumb Code    90  __dczerorl2.o(!!dczerorl2)
    __decompress1                            0x0800016d   Thumb Code     0  __dczerorl2.o(!!dczerorl2)
    __scatterload_zeroinit                   0x080001c9   Thumb Code    28  __scatter_zi.o(!!handler_zi)
    _printf_d                                0x080001e5   Thumb Code     0  _printf_d.o(.ARM.Collect$$_printf_percent$$00000009)
    _printf_percent                          0x080001e5   Thumb Code     0  _printf_percent.o(.ARM.Collect$$_printf_percent$$00000000)
    _printf_x                                0x080001eb   Thumb Code     0  _printf_x.o(.ARM.Collect$$_printf_percent$$0000000C)
    _printf_percent_end                      0x080001f1   Thumb Code     0  _printf_percent_end.o(.ARM.Collect$$_printf_percent$$00000017)
    __rt_lib_init                            0x080001f5   Thumb Code     0  libinit.o(.ARM.Collect$$libinit$$00000000)
    __rt_lib_init_alloca_1                   0x080001f7   Thumb Code     0  libinit2.o(.ARM.Collect$$libinit$$0000002E)
    __rt_lib_init_argv_1                     0x080001f7   Thumb Code     0  libinit2.o(.ARM.Collect$$libinit$$0000002C)
    __rt_lib_init_atexit_1                   0x080001f7   Thumb Code     0  libinit2.o(.ARM.Collect$$libinit$$0000001B)
    __rt_lib_init_clock_1                    0x080001f7   Thumb Code     0  libinit2.o(.ARM.Collect$$libinit$$00000021)
    __rt_lib_init_cpp_1                      0x080001f7   Thumb Code     0  libinit2.o(.ARM.Collect$$libinit$$00000032)
    __rt_lib_init_exceptions_1               0x080001f7   Thumb Code     0  libinit2.o(.ARM.Collect$$libinit$$00000030)
    __rt_lib_init_fp_1                       0x080001f7   Thumb Code     0  libinit2.o(.ARM.Collect$$libinit$$00000002)
    __rt_lib_init_fp_trap_1                  0x080001f7   Thumb Code     0  libinit2.o(.ARM.Collect$$libinit$$0000001F)
    __rt_lib_init_getenv_1                   0x080001f7   Thumb Code     0  libinit2.o(.ARM.Collect$$libinit$$00000023)
    __rt_lib_init_heap_1                     0x080001f7   Thumb Code     0  libinit2.o(.ARM.Collect$$libinit$$0000000A)
    __rt_lib_init_lc_collate_1               0x080001f7   Thumb Code     0  libinit2.o(.ARM.Collect$$libinit$$00000011)
    __rt_lib_init_lc_ctype_1                 0x080001f7   Thumb Code     0  libinit2.o(.ARM.Collect$$libinit$$00000013)
    __rt_lib_init_lc_monetary_1              0x080001f7   Thumb Code     0  libinit2.o(.ARM.Collect$$libinit$$00000015)
    __rt_lib_init_lc_numeric_1               0x080001f7   Thumb Code     0  libinit2.o(.ARM.Collect$$libinit$$00000017)
    __rt_lib_init_lc_time_1                  0x080001f7   Thumb Code     0  libinit2.o(.ARM.Collect$$libinit$$00000019)
    __rt_lib_init_preinit_1                  0x080001f7   Thumb Code     0  libinit2.o(.ARM.Collect$$libinit$$00000004)
    __rt_lib_init_rand_1                     0x080001f7   Thumb Code     0  libinit2.o(.ARM.Collect$$libinit$$0000000E)
    __rt_lib_init_return                     0x080001f7   Thumb Code     0  libinit2.o(.ARM.Collect$$libinit$$00000033)
    __rt_lib_init_signal_1                   0x080001f7   Thumb Code     0  libinit2.o(.ARM.Collect$$libinit$$0000001D)
    __rt_lib_init_stdio_1                    0x080001f7   Thumb Code     0  libinit2.o(.ARM.Collect$$libinit$$00000025)
    __rt_lib_init_user_alloc_1               0x080001f7   Thumb Code     0  libinit2.o(.ARM.Collect$$libinit$$0000000C)
    __rt_lib_shutdown                        0x080001f9   Thumb Code     0  libshutdown.o(.ARM.Collect$$libshutdown$$00000000)
    __rt_lib_shutdown_cpp_1                  0x080001fb   Thumb Code     0  libshutdown2.o(.ARM.Collect$$libshutdown$$00000002)
    __rt_lib_shutdown_fp_trap_1              0x080001fb   Thumb Code     0  libshutdown2.o(.ARM.Collect$$libshutdown$$00000007)
    __rt_lib_shutdown_heap_1                 0x080001fb   Thumb Code     0  libshutdown2.o(.ARM.Collect$$libshutdown$$0000000F)
    __rt_lib_shutdown_return                 0x080001fb   Thumb Code     0  libshutdown2.o(.ARM.Collect$$libshutdown$$00000010)
    __rt_lib_shutdown_signal_1               0x080001fb   Thumb Code     0  libshutdown2.o(.ARM.Collect$$libshutdown$$0000000A)
    __rt_lib_shutdown_stdio_1                0x080001fb   Thumb Code     0  libshutdown2.o(.ARM.Collect$$libshutdown$$00000004)
    __rt_lib_shutdown_user_alloc_1           0x080001fb   Thumb Code     0  libshutdown2.o(.ARM.Collect$$libshutdown$$0000000C)
    __rt_entry                               0x080001fd   Thumb Code     0  __rtentry.o(.ARM.Collect$$rtentry$$00000000)
    __rt_entry_presh_1                       0x080001fd   Thumb Code     0  __rtentry2.o(.ARM.Collect$$rtentry$$00000002)
    __rt_entry_sh                            0x080001fd   Thumb Code     0  __rtentry4.o(.ARM.Collect$$rtentry$$00000004)
    __rt_entry_li                            0x08000203   Thumb Code     0  __rtentry2.o(.ARM.Collect$$rtentry$$0000000A)
    __rt_entry_postsh_1                      0x08000203   Thumb Code     0  __rtentry2.o(.ARM.Collect$$rtentry$$00000009)
    __rt_entry_main                          0x08000207   Thumb Code     0  __rtentry2.o(.ARM.Collect$$rtentry$$0000000D)
    __rt_entry_postli_1                      0x08000207   Thumb Code     0  __rtentry2.o(.ARM.Collect$$rtentry$$0000000C)
    __rt_exit                                0x0800020f   Thumb Code     0  rtexit.o(.ARM.Collect$$rtexit$$00000000)
    __rt_exit_ls                             0x08000211   Thumb Code     0  rtexit2.o(.ARM.Collect$$rtexit$$00000003)
    __rt_exit_prels_1                        0x08000211   Thumb Code     0  rtexit2.o(.ARM.Collect$$rtexit$$00000002)
    __rt_exit_exit                           0x08000215   Thumb Code     0  rtexit2.o(.ARM.Collect$$rtexit$$00000004)
    Reset_Handler                            0x0800021d   Thumb Code     8  startup_stm32f10x_hd.o(.text)
    ADC1_2_IRQHandler                        0x08000237   Thumb Code     0  startup_stm32f10x_hd.o(.text)
    ADC3_IRQHandler                          0x08000237   Thumb Code     0  startup_stm32f10x_hd.o(.text)
    CAN1_RX1_IRQHandler                      0x08000237   Thumb Code     0  startup_stm32f10x_hd.o(.text)
    CAN1_SCE_IRQHandler                      0x08000237   Thumb Code     0  startup_stm32f10x_hd.o(.text)
    DMA1_Channel1_IRQHandler                 0x08000237   Thumb Code     0  startup_stm32f10x_hd.o(.text)
    DMA1_Channel2_IRQHandler                 0x08000237   Thumb Code     0  startup_stm32f10x_hd.o(.text)
    DMA1_Channel3_IRQHandler                 0x08000237   Thumb Code     0  startup_stm32f10x_hd.o(.text)
    DMA1_Channel4_IRQHandler                 0x08000237   Thumb Code     0  startup_stm32f10x_hd.o(.text)
    DMA1_Channel5_IRQHandler                 0x08000237   Thumb Code     0  startup_stm32f10x_hd.o(.text)
    DMA1_Channel6_IRQHandler                 0x08000237   Thumb Code     0  startup_stm32f10x_hd.o(.text)
    DMA1_Channel7_IRQHandler                 0x08000237   Thumb Code     0  startup_stm32f10x_hd.o(.text)
    DMA2_Channel1_IRQHandler                 0x08000237   Thumb Code     0  startup_stm32f10x_hd.o(.text)
    DMA2_Channel2_IRQHandler                 0x08000237   Thumb Code     0  startup_stm32f10x_hd.o(.text)
    DMA2_Channel3_IRQHandler                 0x08000237   Thumb Code     0  startup_stm32f10x_hd.o(.text)
    DMA2_Channel4_5_IRQHandler               0x08000237   Thumb Code     0  startup_stm32f10x_hd.o(.text)
    EXTI0_IRQHandler                         0x08000237   Thumb Code     0  startup_stm32f10x_hd.o(.text)
    EXTI15_10_IRQHandler                     0x08000237   Thumb Code     0  startup_stm32f10x_hd.o(.text)
    EXTI1_IRQHandler                         0x08000237   Thumb Code     0  startup_stm32f10x_hd.o(.text)
    EXTI2_IRQHandler                         0x08000237   Thumb Code     0  startup_stm32f10x_hd.o(.text)
    EXTI3_IRQHandler                         0x08000237   Thumb Code     0  startup_stm32f10x_hd.o(.text)
    EXTI9_5_IRQHandler                       0x08000237   Thumb Code     0  startup_stm32f10x_hd.o(.text)
    FLASH_IRQHandler                         0x08000237   Thumb Code     0  startup_stm32f10x_hd.o(.text)
    FSMC_IRQHandler                          0x08000237   Thumb Code     0  startup_stm32f10x_hd.o(.text)
    I2C1_ER_IRQHandler                       0x08000237   Thumb Code     0  startup_stm32f10x_hd.o(.text)
    I2C1_EV_IRQHandler                       0x08000237   Thumb Code     0  startup_stm32f10x_hd.o(.text)
    I2C2_ER_IRQHandler                       0x08000237   Thumb Code     0  startup_stm32f10x_hd.o(.text)
    I2C2_EV_IRQHandler                       0x08000237   Thumb Code     0  startup_stm32f10x_hd.o(.text)
    PVD_IRQHandler                           0x08000237   Thumb Code     0  startup_stm32f10x_hd.o(.text)
    RCC_IRQHandler                           0x08000237   Thumb Code     0  startup_stm32f10x_hd.o(.text)
    RTCAlarm_IRQHandler                      0x08000237   Thumb Code     0  startup_stm32f10x_hd.o(.text)
    RTC_IRQHandler                           0x08000237   Thumb Code     0  startup_stm32f10x_hd.o(.text)
    SDIO_IRQHandler                          0x08000237   Thumb Code     0  startup_stm32f10x_hd.o(.text)
    SPI1_IRQHandler                          0x08000237   Thumb Code     0  startup_stm32f10x_hd.o(.text)
    SPI2_IRQHandler                          0x08000237   Thumb Code     0  startup_stm32f10x_hd.o(.text)
    SPI3_IRQHandler                          0x08000237   Thumb Code     0  startup_stm32f10x_hd.o(.text)
    TAMPER_IRQHandler                        0x08000237   Thumb Code     0  startup_stm32f10x_hd.o(.text)
    TIM1_BRK_IRQHandler                      0x08000237   Thumb Code     0  startup_stm32f10x_hd.o(.text)
    TIM1_CC_IRQHandler                       0x08000237   Thumb Code     0  startup_stm32f10x_hd.o(.text)
    TIM1_TRG_COM_IRQHandler                  0x08000237   Thumb Code     0  startup_stm32f10x_hd.o(.text)
    TIM1_UP_IRQHandler                       0x08000237   Thumb Code     0  startup_stm32f10x_hd.o(.text)
    TIM2_IRQHandler                          0x08000237   Thumb Code     0  startup_stm32f10x_hd.o(.text)
    TIM3_IRQHandler                          0x08000237   Thumb Code     0  startup_stm32f10x_hd.o(.text)
    TIM5_IRQHandler                          0x08000237   Thumb Code     0  startup_stm32f10x_hd.o(.text)
    TIM6_IRQHandler                          0x08000237   Thumb Code     0  startup_stm32f10x_hd.o(.text)
    TIM7_IRQHandler                          0x08000237   Thumb Code     0  startup_stm32f10x_hd.o(.text)
    TIM8_BRK_IRQHandler                      0x08000237   Thumb Code     0  startup_stm32f10x_hd.o(.text)
    TIM8_CC_IRQHandler                       0x08000237   Thumb Code     0  startup_stm32f10x_hd.o(.text)
    TIM8_TRG_COM_IRQHandler                  0x08000237   Thumb Code     0  startup_stm32f10x_hd.o(.text)
    TIM8_UP_IRQHandler                       0x08000237   Thumb Code     0  startup_stm32f10x_hd.o(.text)
    UART4_IRQHandler                         0x08000237   Thumb Code     0  startup_stm32f10x_hd.o(.text)
    UART5_IRQHandler                         0x08000237   Thumb Code     0  startup_stm32f10x_hd.o(.text)
    USART2_IRQHandler                        0x08000237   Thumb Code     0  startup_stm32f10x_hd.o(.text)
    USART3_IRQHandler                        0x08000237   Thumb Code     0  startup_stm32f10x_hd.o(.text)
    USBWakeUp_IRQHandler                     0x08000237   Thumb Code     0  startup_stm32f10x_hd.o(.text)
    USB_HP_CAN1_TX_IRQHandler                0x08000237   Thumb Code     0  startup_stm32f10x_hd.o(.text)
    USB_LP_CAN1_RX0_IRQHandler               0x08000237   Thumb Code     0  startup_stm32f10x_hd.o(.text)
    WWDG_IRQHandler                          0x08000237   Thumb Code     0  startup_stm32f10x_hd.o(.text)
    __user_initial_stackheap                 0x08000239   Thumb Code     0  startup_stm32f10x_hd.o(.text)
    __2printf                                0x0800025d   Thumb Code    20  noretval__2printf.o(.text)
    __printf                                 0x08000275   Thumb Code   104  __printf.o(.text)
    _printf_int_dec                          0x080002dd   Thumb Code   104  _printf_dec.o(.text)
    _printf_int_hex                          0x08000355   Thumb Code    84  _printf_hex_int.o(.text)
    _printf_longlong_hex                     0x08000355   Thumb Code     0  _printf_hex_int.o(.text)
    __aeabi_assert                           0x080003ad   Thumb Code    86  assert.o(.text)
    __assert                                 0x080003ad   Thumb Code     0  assert.o(.text)
    __aeabi_memcpy                           0x0800042d   Thumb Code     0  rt_memcpy_v6.o(.text)
    __rt_memcpy                              0x0800042d   Thumb Code   138  rt_memcpy_v6.o(.text)
    _memcpy_lastbytes                        0x08000493   Thumb Code     0  rt_memcpy_v6.o(.text)
    __use_two_region_memory                  0x080004b7   Thumb Code     2  heapauxi.o(.text)
    __rt_heap_escrow$2region                 0x080004b9   Thumb Code     2  heapauxi.o(.text)
    __rt_heap_expand$2region                 0x080004bb   Thumb Code     2  heapauxi.o(.text)
    _printf_int_common                       0x080004bd   Thumb Code   178  _printf_intcommon.o(.text)
    _printf_char_file                        0x08000571   Thumb Code    32  _printf_char_file.o(.text)
    abort                                    0x08000595   Thumb Code    22  abort.o(.text)
    __assert_puts                            0x080005ab   Thumb Code    20  assert_puts.o(.text)
    __aeabi_memcpy4                          0x080005bf   Thumb Code     0  rt_memcpy_w.o(.text)
    __aeabi_memcpy8                          0x080005bf   Thumb Code     0  rt_memcpy_w.o(.text)
    __rt_memcpy_w                            0x080005bf   Thumb Code   100  rt_memcpy_w.o(.text)
    _memcpy_lastbytes_aligned                0x08000607   Thumb Code     0  rt_memcpy_w.o(.text)
    _ttywrch                                 0x08000623   Thumb Code    14  sys_wrch.o(.text)
    _printf_char_common                      0x0800063b   Thumb Code    32  _printf_char_common.o(.text)
    ferror                                   0x08000661   Thumb Code     8  ferror.o(.text)
    __rt_SIGABRT                             0x08000669   Thumb Code    14  defsig_abrt_outer.o(.text)
    __I$use$semihosting                      0x08000677   Thumb Code     0  use_no_semi.o(.text)
    __use_no_semihosting_swi                 0x08000677   Thumb Code     2  use_no_semi.o(.text)
    __semihosting_library_function           0x08000679   Thumb Code     0  indicate_semi.o(.text)
    __user_setup_stackheap                   0x08000679   Thumb Code    74  sys_stackheap_outer.o(.text)
    exit                                     0x080006c3   Thumb Code    18  exit.o(.text)
    __sig_exit                               0x080006d5   Thumb Code    10  defsig_exit.o(.text)
    __rt_SIGABRT_inner                       0x080006e1   Thumb Code    14  defsig_abrt_inner.o(.text)
    __user_libspace                          0x08000711   Thumb Code     8  libspace.o(.text)
    __user_perproc_libspace                  0x08000711   Thumb Code     0  libspace.o(.text)
    __user_perthread_libspace                0x08000711   Thumb Code     0  libspace.o(.text)
    __default_signal_display                 0x08000719   Thumb Code    50  defsig_general.o(.text)
    BusFault_Handler                         0x0800074b   Thumb Code     4  stm32f10x_it.o(i.BusFault_Handler)
    DebugMon_Handler                         0x0800074f   Thumb Code     2  stm32f10x_it.o(i.DebugMon_Handler)
    Delay_ms                                 0x08000751   Thumb Code    18  sys.o(i.Delay_ms)
    Delay_us                                 0x08000765   Thumb Code    52  sys.o(i.Delay_us)
    Detect_Gateway                           0x0800079d   Thumb Code   194  w5500.o(i.Detect_Gateway)
    EXTI4_IRQHandler                         0x08000865   Thumb Code    24  w5500.o(i.EXTI4_IRQHandler)
    EXTI_ClearITPendingBit                   0x08000881   Thumb Code     6  stm32f10x_exti.o(i.EXTI_ClearITPendingBit)
    EXTI_GetITStatus                         0x0800088d   Thumb Code    34  stm32f10x_exti.o(i.EXTI_GetITStatus)
    EXTI_Init                                0x080008b5   Thumb Code   142  stm32f10x_exti.o(i.EXTI_Init)
    GPIO_EXTILineConfig                      0x08000949   Thumb Code    60  stm32f10x_gpio.o(i.GPIO_EXTILineConfig)
    GPIO_Init                                0x08000989   Thumb Code   278  stm32f10x_gpio.o(i.GPIO_Init)
    GPIO_ResetBits                           0x08000a9f   Thumb Code     4  stm32f10x_gpio.o(i.GPIO_ResetBits)
    GPIO_SetBits                             0x08000aa3   Thumb Code     4  stm32f10x_gpio.o(i.GPIO_SetBits)
    HardFault_Handler                        0x08000aa7   Thumb Code     4  stm32f10x_it.o(i.HardFault_Handler)
    Load_Net_Parameters                      0x08000aad   Thumb Code    94  w5500.o(i.Load_Net_Parameters)
    MemManage_Handler                        0x08000b25   Thumb Code     4  stm32f10x_it.o(i.MemManage_Handler)
    NMI_Handler                              0x08000b29   Thumb Code     2  stm32f10x_it.o(i.NMI_Handler)
    NVIC_Configuration                       0x08000b2b   Thumb Code    12  sys.o(i.NVIC_Configuration)
    NVIC_Init                                0x08000b39   Thumb Code   100  misc.o(i.NVIC_Init)
    NVIC_PriorityGroupConfig                 0x08000ba9   Thumb Code    10  misc.o(i.NVIC_PriorityGroupConfig)
    PendSV_Handler                           0x08000bbd   Thumb Code     2  stm32f10x_it.o(i.PendSV_Handler)
    RCC_APB2PeriphClockCmd                   0x08000bc1   Thumb Code    26  stm32f10x_rcc.o(i.RCC_APB2PeriphClockCmd)
    RCC_GetClocksFreq                        0x08000be1   Thumb Code   192  stm32f10x_rcc.o(i.RCC_GetClocksFreq)
    Read_SOCK_Data_Buffer                    0x08000cb5   Thumb Code   288  w5500.o(i.Read_SOCK_Data_Buffer)
    Read_W5500_1Byte                         0x08000ddd   Thumb Code    58  w5500.o(i.Read_W5500_1Byte)
    Read_W5500_SOCK_1Byte                    0x08000e21   Thumb Code    70  w5500.o(i.Read_W5500_SOCK_1Byte)
    Read_W5500_SOCK_2Byte                    0x08000e71   Thumb Code    94  w5500.o(i.Read_W5500_SOCK_2Byte)
    SPI1_Send_Byte                           0x08000ed9   Thumb Code    28  w5500.o(i.SPI1_Send_Byte)
    SPI1_Send_Short                          0x08000ef9   Thumb Code    28  w5500.o(i.SPI1_Send_Short)
    SPI_Cmd                                  0x08000f15   Thumb Code    24  stm32f10x_spi.o(i.SPI_Cmd)
    SPI_Configuration                        0x08000f2d   Thumb Code   154  w5500.o(i.SPI_Configuration)
    SPI_I2S_GetFlagStatus                    0x08000fd1   Thumb Code    18  stm32f10x_spi.o(i.SPI_I2S_GetFlagStatus)
    SPI_I2S_ReceiveData                      0x08000fe3   Thumb Code     6  stm32f10x_spi.o(i.SPI_I2S_ReceiveData)
    SPI_I2S_SendData                         0x08000fe9   Thumb Code     4  stm32f10x_spi.o(i.SPI_I2S_SendData)
    SPI_Init                                 0x08000fed   Thumb Code    60  stm32f10x_spi.o(i.SPI_Init)
    SVC_Handler                              0x08001029   Thumb Code     2  stm32f10x_it.o(i.SVC_Handler)
    Socket_Connect                           0x08001115   Thumb Code    70  w5500.o(i.Socket_Connect)
    Socket_Init                              0x0800115d   Thumb Code   104  w5500.o(i.Socket_Init)
    Socket_Listen                            0x080011d1   Thumb Code   102  w5500.o(i.Socket_Listen)
    Socket_UDP                               0x08001237   Thumb Code    60  w5500.o(i.Socket_UDP)
    SysTick_Handler                          0x08001273   Thumb Code     8  stm32f10x_it.o(i.SysTick_Handler)
    SysTick_Init                             0x0800127d   Thumb Code   104  sys.o(i.SysTick_Init)
    SystemInit                               0x080012f5   Thumb Code    78  system_stm32f10x_1.o(i.SystemInit)
    TIM4_IRQHandler                          0x08001355   Thumb Code    26  porttimer.o(i.TIM4_IRQHandler)
    TIM_ClearITPendingBit                    0x08001375   Thumb Code     6  stm32f10x_tim.o(i.TIM_ClearITPendingBit)
    TIM_GetITStatus                          0x0800137b   Thumb Code    34  stm32f10x_tim.o(i.TIM_GetITStatus)
    TimingDelay_Decrement                    0x0800139d   Thumb Code    18  sys.o(i.TimingDelay_Decrement)
    USART1_IRQHandler                        0x080013b5   Thumb Code   122  usart.o(i.USART1_IRQHandler)
    USART_Cmd                                0x0800143d   Thumb Code    24  stm32f10x_usart.o(i.USART_Cmd)
    USART_GetITStatus                        0x08001455   Thumb Code    84  stm32f10x_usart.o(i.USART_GetITStatus)
    USART_ITConfig                           0x080014a9   Thumb Code    74  stm32f10x_usart.o(i.USART_ITConfig)
    USART_Init                               0x080014f5   Thumb Code   210  stm32f10x_usart.o(i.USART_Init)
    USART_ReceiveData                        0x080015cd   Thumb Code    10  stm32f10x_usart.o(i.USART_ReceiveData)
    UsageFault_Handler                       0x080015d7   Thumb Code     4  stm32f10x_it.o(i.UsageFault_Handler)
    W5500_GPIO_Configuration                 0x080015dd   Thumb Code   100  w5500.o(i.W5500_GPIO_Configuration)
    W5500_Hardware_Reset                     0x08001645   Thumb Code    48  w5500.o(i.W5500_Hardware_Reset)
    W5500_Init                               0x08001679   Thumb Code   136  w5500.o(i.W5500_Init)
    W5500_Interrupt_Process                  0x08001711   Thumb Code   180  w5500.o(i.W5500_Interrupt_Process)
    W5500_NVIC_Configuration                 0x080017d1   Thumb Code    32  w5500.o(i.W5500_NVIC_Configuration)
    W5500_Socket_Set                         0x080017f1   Thumb Code    96  w5500.o(i.W5500_Socket_Set)
    Write_SOCK_Data_Buffer                   0x08001859   Thumb Code   256  w5500.o(i.Write_SOCK_Data_Buffer)
    Write_W5500_1Byte                        0x08001965   Thumb Code    42  w5500.o(i.Write_W5500_1Byte)
    Write_W5500_2Byte                        0x08001995   Thumb Code    42  w5500.o(i.Write_W5500_2Byte)
    Write_W5500_SOCK_1Byte                   0x080019c5   Thumb Code    54  w5500.o(i.Write_W5500_SOCK_1Byte)
    Write_W5500_SOCK_2Byte                   0x08001a01   Thumb Code    54  w5500.o(i.Write_W5500_SOCK_2Byte)
    Write_W5500_SOCK_4Byte                   0x08001a3d   Thumb Code    80  w5500.o(i.Write_W5500_SOCK_4Byte)
    Write_W5500_nByte                        0x08001a91   Thumb Code    62  w5500.o(i.Write_W5500_nByte)
    _sys_exit                                0x08001ad5   Thumb Code     6  usart.o(i._sys_exit)
    eMBEnable                                0x08001add   Thumb Code    32  mb.o(i.eMBEnable)
    eMBFuncReadCoils                         0x08001b05   Thumb Code   166  mbfunccoils.o(i.eMBFuncReadCoils)
    eMBFuncReadDiscreteInputs                0x08001bab   Thumb Code   164  mbfuncdisc.o(i.eMBFuncReadDiscreteInputs)
    eMBFuncReadHoldingRegister               0x08001c4f   Thumb Code   132  mbfuncholding.o(i.eMBFuncReadHoldingRegister)
    eMBFuncReadInputRegister                 0x08001cd3   Thumb Code   132  mbfuncinput.o(i.eMBFuncReadInputRegister)
    eMBFuncReadWriteMultipleHoldingRegister  0x08001d57   Thumb Code   212  mbfuncholding.o(i.eMBFuncReadWriteMultipleHoldingRegister)
    eMBFuncReportSlaveID                     0x08001e2d   Thumb Code    30  mbfuncother.o(i.eMBFuncReportSlaveID)
    eMBFuncWriteCoil                         0x08001e55   Thumb Code   108  mbfunccoils.o(i.eMBFuncWriteCoil)
    eMBFuncWriteHoldingRegister              0x08001ec1   Thumb Code    62  mbfuncholding.o(i.eMBFuncWriteHoldingRegister)
    eMBFuncWriteMultipleCoils                0x08001eff   Thumb Code   142  mbfunccoils.o(i.eMBFuncWriteMultipleCoils)
    eMBFuncWriteMultipleHoldingRegister      0x08001f8d   Thumb Code   106  mbfuncholding.o(i.eMBFuncWriteMultipleHoldingRegister)
    eMBPoll                                  0x08001ff9   Thumb Code   268  mb.o(i.eMBPoll)
    eMBRegCoilsCB                            0x08002131   Thumb Code   146  main.o(i.eMBRegCoilsCB)
    eMBRegDiscreteCB                         0x080021c9   Thumb Code    90  main.o(i.eMBRegDiscreteCB)
    eMBRegHoldingCB                          0x08002229   Thumb Code   124  main.o(i.eMBRegHoldingCB)
    eMBRegInputCB                            0x080022ad   Thumb Code    68  main.o(i.eMBRegInputCB)
    eMBTCPDoInit                             0x080022f9   Thumb Code    20  mbtcp.o(i.eMBTCPDoInit)
    eMBTCPInit                               0x0800230d   Thumb Code    86  mb.o(i.eMBTCPInit)
    eMBTCPReceive                            0x08002395   Thumb Code    72  mbtcp.o(i.eMBTCPReceive)
    eMBTCPSend                               0x080023dd   Thumb Code    48  mbtcp.o(i.eMBTCPSend)
    eMBTCPStart                              0x0800240d   Thumb Code     2  mbtcp.o(i.eMBTCPStart)
    eMBTCPStop                               0x0800240f   Thumb Code     8  mbtcp.o(i.eMBTCPStop)
    fputc                                    0x08002419   Thumb Code    24  usart.o(i.fputc)
    main                                     0x08002435   Thumb Code   190  main.o(i.main)
    prveMBError2Exception                    0x08002549   Thumb Code    34  mbutils.o(i.prveMBError2Exception)
    uart_init                                0x0800257d   Thumb Code   152  usart.o(i.uart_init)
    vMBTCPPortDisable                        0x0800261d   Thumb Code     2  porttcp.o(i.vMBTCPPortDisable)
    xMBPortEventGet                          0x08002621   Thumb Code    36  portevent.o(i.xMBPortEventGet)
    xMBPortEventInit                         0x0800264d   Thumb Code    10  portevent.o(i.xMBPortEventInit)
    xMBPortEventPost                         0x0800265d   Thumb Code    16  portevent.o(i.xMBPortEventPost)
    xMBPortTCPPool                           0x08002675   Thumb Code    62  porttcp.o(i.xMBPortTCPPool)
    xMBTCPPortGetRequest                     0x080026c5   Thumb Code    22  porttcp.o(i.xMBTCPPortGetRequest)
    xMBTCPPortInit                           0x080026e5   Thumb Code    32  porttcp.o(i.xMBTCPPortInit)
    xMBTCPPortSendResponse                   0x08002705   Thumb Code    20  porttcp.o(i.xMBTCPPortSendResponse)
    xMBUtilGetBits                           0x08002719   Thumb Code    42  mbutils.o(i.xMBUtilGetBits)
    xMBUtilSetBits                           0x08002745   Thumb Code   104  mbutils.o(i.xMBUtilSetBits)
    Region$$Table$$Base                      0x08002800   Number         0  anon$$obj.o(Region$$Table)
    Region$$Table$$Limit                     0x08002820   Number         0  anon$$obj.o(Region$$Table)
    pxMBFrameCBByteReceived                  0x20000018   Data           4  mb.o(.data)
    pxMBFrameCBTransmitterEmpty              0x2000001c   Data           4  mb.o(.data)
    pxMBPortCBTimerExpired                   0x20000020   Data           4  mb.o(.data)
    pxMBFrameCBReceiveFSMCur                 0x20000024   Data           4  mb.o(.data)
    pxMBFrameCBTransmitFSMCur                0x20000028   Data           4  mb.o(.data)
    usRegInputBuf                            0x200000b6   Data          16  main.o(.data)
    usRegInputStart                          0x200000c6   Data           2  main.o(.data)
    usRegHoldingBuf                          0x200000c8   Data          16  main.o(.data)
    usRegHoldingStart                        0x200000d8   Data           2  main.o(.data)
    ucRegCoilsBuf                            0x200000da   Data           2  main.o(.data)
    ucRegDiscreteBuf                         0x200000dc   Data           2  main.o(.data)
    Gateway_IP                               0x200000f8   Data           4  w5500.o(.data)
    Sub_Mask                                 0x200000fc   Data           4  w5500.o(.data)
    Phy_Addr                                 0x20000100   Data           6  w5500.o(.data)
    IP_Addr                                  0x20000106   Data           4  w5500.o(.data)
    S0_Port                                  0x2000010a   Data           2  w5500.o(.data)
    S0_DIP                                   0x2000010c   Data           4  w5500.o(.data)
    S0_DPort                                 0x20000110   Data           2  w5500.o(.data)
    UDP_DIPR                                 0x20000112   Data           4  w5500.o(.data)
    UDP_DPORT                                0x20000116   Data           2  w5500.o(.data)
    S0_Mode                                  0x20000118   Data           1  w5500.o(.data)
    S0_State                                 0x20000119   Data           1  w5500.o(.data)
    S0_Data                                  0x2000011a   Data           1  w5500.o(.data)
    W5500_Interrupt                          0x2000011b   Data           1  w5500.o(.data)
    TimingDelay                              0x2000011c   Data           4  sys.o(.data)
    __stdout                                 0x20000120   Data           4  usart.o(.data)
    USART_RX_STA                             0x20000124   Data           2  usart.o(.data)
    SystemCoreClock                          0x20000128   Data           4  system_stm32f10x_1.o(.data)
    AHBPrescTable                            0x2000012c   Data          16  system_stm32f10x_1.o(.data)
    USART_RX_BUF                             0x20000263   Data         200  usart.o(.bss)
    __libspace_start                         0x2000032c   Data          96  libspace.o(.bss)
    __temporary_stack_top$libspace           0x2000038c   Data           0  libspace.o(.bss)



==============================================================================

Memory Map of the image

  Image Entry point : 0x08000131

  Load Region LR_IROM1 (Base: 0x08000000, Size: 0x0000295c, Max: 0x00080000, ABSOLUTE, COMPRESSED[0x000028a0])

    Execution Region ER_IROM1 (Base: 0x08000000, Size: 0x00002820, Max: 0x00080000, ABSOLUTE)

    Base Addr    Size         Type   Attr      Idx    E Section Name        Object

    0x08000000   0x00000130   Data   RO         4365    RESET               startup_stm32f10x_hd.o
    0x08000130   0x00000008   Code   RO         4476  * !!!main             c_w.l(__main.o)
    0x08000138   0x00000034   Code   RO         4656    !!!scatter          c_w.l(__scatter.o)
    0x0800016c   0x0000005a   Code   RO         4654    !!dczerorl2         c_w.l(__dczerorl2.o)
    0x080001c6   0x00000002   PAD
    0x080001c8   0x0000001c   Code   RO         4658    !!handler_zi        c_w.l(__scatter_zi.o)
    0x080001e4   0x00000000   Code   RO         4469    .ARM.Collect$$_printf_percent$$00000000  c_w.l(_printf_percent.o)
    0x080001e4   0x00000006   Code   RO         4468    .ARM.Collect$$_printf_percent$$00000009  c_w.l(_printf_d.o)
    0x080001ea   0x00000006   Code   RO         4467    .ARM.Collect$$_printf_percent$$0000000C  c_w.l(_printf_x.o)
    0x080001f0   0x00000004   Code   RO         4483    .ARM.Collect$$_printf_percent$$00000017  c_w.l(_printf_percent_end.o)
    0x080001f4   0x00000002   Code   RO         4537    .ARM.Collect$$libinit$$00000000  c_w.l(libinit.o)
    0x080001f6   0x00000000   Code   RO         4548    .ARM.Collect$$libinit$$00000002  c_w.l(libinit2.o)
    0x080001f6   0x00000000   Code   RO         4550    .ARM.Collect$$libinit$$00000004  c_w.l(libinit2.o)
    0x080001f6   0x00000000   Code   RO         4553    .ARM.Collect$$libinit$$0000000A  c_w.l(libinit2.o)
    0x080001f6   0x00000000   Code   RO         4555    .ARM.Collect$$libinit$$0000000C  c_w.l(libinit2.o)
    0x080001f6   0x00000000   Code   RO         4557    .ARM.Collect$$libinit$$0000000E  c_w.l(libinit2.o)
    0x080001f6   0x00000000   Code   RO         4560    .ARM.Collect$$libinit$$00000011  c_w.l(libinit2.o)
    0x080001f6   0x00000000   Code   RO         4562    .ARM.Collect$$libinit$$00000013  c_w.l(libinit2.o)
    0x080001f6   0x00000000   Code   RO         4564    .ARM.Collect$$libinit$$00000015  c_w.l(libinit2.o)
    0x080001f6   0x00000000   Code   RO         4566    .ARM.Collect$$libinit$$00000017  c_w.l(libinit2.o)
    0x080001f6   0x00000000   Code   RO         4568    .ARM.Collect$$libinit$$00000019  c_w.l(libinit2.o)
    0x080001f6   0x00000000   Code   RO         4570    .ARM.Collect$$libinit$$0000001B  c_w.l(libinit2.o)
    0x080001f6   0x00000000   Code   RO         4572    .ARM.Collect$$libinit$$0000001D  c_w.l(libinit2.o)
    0x080001f6   0x00000000   Code   RO         4574    .ARM.Collect$$libinit$$0000001F  c_w.l(libinit2.o)
    0x080001f6   0x00000000   Code   RO         4576    .ARM.Collect$$libinit$$00000021  c_w.l(libinit2.o)
    0x080001f6   0x00000000   Code   RO         4578    .ARM.Collect$$libinit$$00000023  c_w.l(libinit2.o)
    0x080001f6   0x00000000   Code   RO         4580    .ARM.Collect$$libinit$$00000025  c_w.l(libinit2.o)
    0x080001f6   0x00000000   Code   RO         4584    .ARM.Collect$$libinit$$0000002C  c_w.l(libinit2.o)
    0x080001f6   0x00000000   Code   RO         4586    .ARM.Collect$$libinit$$0000002E  c_w.l(libinit2.o)
    0x080001f6   0x00000000   Code   RO         4588    .ARM.Collect$$libinit$$00000030  c_w.l(libinit2.o)
    0x080001f6   0x00000000   Code   RO         4590    .ARM.Collect$$libinit$$00000032  c_w.l(libinit2.o)
    0x080001f6   0x00000002   Code   RO         4591    .ARM.Collect$$libinit$$00000033  c_w.l(libinit2.o)
    0x080001f8   0x00000002   Code   RO         4627    .ARM.Collect$$libshutdown$$00000000  c_w.l(libshutdown.o)
    0x080001fa   0x00000000   Code   RO         4637    .ARM.Collect$$libshutdown$$00000002  c_w.l(libshutdown2.o)
    0x080001fa   0x00000000   Code   RO         4639    .ARM.Collect$$libshutdown$$00000004  c_w.l(libshutdown2.o)
    0x080001fa   0x00000000   Code   RO         4642    .ARM.Collect$$libshutdown$$00000007  c_w.l(libshutdown2.o)
    0x080001fa   0x00000000   Code   RO         4645    .ARM.Collect$$libshutdown$$0000000A  c_w.l(libshutdown2.o)
    0x080001fa   0x00000000   Code   RO         4647    .ARM.Collect$$libshutdown$$0000000C  c_w.l(libshutdown2.o)
    0x080001fa   0x00000000   Code   RO         4650    .ARM.Collect$$libshutdown$$0000000F  c_w.l(libshutdown2.o)
    0x080001fa   0x00000002   Code   RO         4651    .ARM.Collect$$libshutdown$$00000010  c_w.l(libshutdown2.o)
    0x080001fc   0x00000000   Code   RO         4478    .ARM.Collect$$rtentry$$00000000  c_w.l(__rtentry.o)
    0x080001fc   0x00000000   Code   RO         4493    .ARM.Collect$$rtentry$$00000002  c_w.l(__rtentry2.o)
    0x080001fc   0x00000006   Code   RO         4505    .ARM.Collect$$rtentry$$00000004  c_w.l(__rtentry4.o)
    0x08000202   0x00000000   Code   RO         4495    .ARM.Collect$$rtentry$$00000009  c_w.l(__rtentry2.o)
    0x08000202   0x00000004   Code   RO         4496    .ARM.Collect$$rtentry$$0000000A  c_w.l(__rtentry2.o)
    0x08000206   0x00000000   Code   RO         4498    .ARM.Collect$$rtentry$$0000000C  c_w.l(__rtentry2.o)
    0x08000206   0x00000008   Code   RO         4499    .ARM.Collect$$rtentry$$0000000D  c_w.l(__rtentry2.o)
    0x0800020e   0x00000002   Code   RO         4541    .ARM.Collect$$rtexit$$00000000  c_w.l(rtexit.o)
    0x08000210   0x00000000   Code   RO         4593    .ARM.Collect$$rtexit$$00000002  c_w.l(rtexit2.o)
    0x08000210   0x00000004   Code   RO         4594    .ARM.Collect$$rtexit$$00000003  c_w.l(rtexit2.o)
    0x08000214   0x00000006   Code   RO         4595    .ARM.Collect$$rtexit$$00000004  c_w.l(rtexit2.o)
    0x0800021a   0x00000002   PAD
    0x0800021c   0x00000040   Code   RO         4366    .text               startup_stm32f10x_hd.o
    0x0800025c   0x00000018   Code   RO         4420    .text               c_w.l(noretval__2printf.o)
    0x08000274   0x00000068   Code   RO         4422    .text               c_w.l(__printf.o)
    0x080002dc   0x00000078   Code   RO         4424    .text               c_w.l(_printf_dec.o)
    0x08000354   0x00000058   Code   RO         4429    .text               c_w.l(_printf_hex_int.o)
    0x080003ac   0x00000080   Code   RO         4470    .text               c_w.l(assert.o)
    0x0800042c   0x0000008a   Code   RO         4472    .text               c_w.l(rt_memcpy_v6.o)
    0x080004b6   0x00000006   Code   RO         4474    .text               c_w.l(heapauxi.o)
    0x080004bc   0x000000b2   Code   RO         4479    .text               c_w.l(_printf_intcommon.o)
    0x0800056e   0x00000002   PAD
    0x08000570   0x00000024   Code   RO         4481    .text               c_w.l(_printf_char_file.o)
    0x08000594   0x00000016   Code   RO         4484    .text               c_w.l(abort.o)
    0x080005aa   0x00000014   Code   RO         4486    .text               c_w.l(assert_puts.o)
    0x080005be   0x00000064   Code   RO         4488    .text               c_w.l(rt_memcpy_w.o)
    0x08000622   0x0000000e   Code   RO         4490    .text               c_w.l(sys_wrch.o)
    0x08000630   0x00000030   Code   RO         4507    .text               c_w.l(_printf_char_common.o)
    0x08000660   0x00000008   Code   RO         4509    .text               c_w.l(ferror.o)
    0x08000668   0x0000000e   Code   RO         4513    .text               c_w.l(defsig_abrt_outer.o)
    0x08000676   0x00000002   Code   RO         4517    .text               c_w.l(use_no_semi.o)
    0x08000678   0x00000000   Code   RO         4519    .text               c_w.l(indicate_semi.o)
    0x08000678   0x0000004a   Code   RO         4520    .text               c_w.l(sys_stackheap_outer.o)
    0x080006c2   0x00000012   Code   RO         4526    .text               c_w.l(exit.o)
    0x080006d4   0x0000000a   Code   RO         4528    .text               c_w.l(defsig_exit.o)
    0x080006de   0x00000002   PAD
    0x080006e0   0x00000030   Code   RO         4530    .text               c_w.l(defsig_abrt_inner.o)
    0x08000710   0x00000008   Code   RO         4538    .text               c_w.l(libspace.o)
    0x08000718   0x00000032   Code   RO         4545    .text               c_w.l(defsig_general.o)
    0x0800074a   0x00000004   Code   RO          266    i.BusFault_Handler  stm32f10x_it.o
    0x0800074e   0x00000002   Code   RO          267    i.DebugMon_Handler  stm32f10x_it.o
    0x08000750   0x00000012   Code   RO         4255    i.Delay_ms          sys.o
    0x08000762   0x00000002   PAD
    0x08000764   0x00000038   Code   RO         4256    i.Delay_us          sys.o
    0x0800079c   0x000000c8   Code   RO         4064    i.Detect_Gateway    w5500.o
    0x08000864   0x0000001c   Code   RO         4065    i.EXTI4_IRQHandler  w5500.o
    0x08000880   0x0000000c   Code   RO         1273    i.EXTI_ClearITPendingBit  stm32f10x_exti.o
    0x0800088c   0x00000028   Code   RO         1277    i.EXTI_GetITStatus  stm32f10x_exti.o
    0x080008b4   0x00000094   Code   RO         1278    i.EXTI_Init         stm32f10x_exti.o
    0x08000948   0x00000040   Code   RO         1659    i.GPIO_EXTILineConfig  stm32f10x_gpio.o
    0x08000988   0x00000116   Code   RO         1662    i.GPIO_Init         stm32f10x_gpio.o
    0x08000a9e   0x00000004   Code   RO         1669    i.GPIO_ResetBits    stm32f10x_gpio.o
    0x08000aa2   0x00000004   Code   RO         1670    i.GPIO_SetBits      stm32f10x_gpio.o
    0x08000aa6   0x00000004   Code   RO          268    i.HardFault_Handler  stm32f10x_it.o
    0x08000aaa   0x00000002   PAD
    0x08000aac   0x00000078   Code   RO         4066    i.Load_Net_Parameters  w5500.o
    0x08000b24   0x00000004   Code   RO          269    i.MemManage_Handler  stm32f10x_it.o
    0x08000b28   0x00000002   Code   RO          270    i.NMI_Handler       stm32f10x_it.o
    0x08000b2a   0x0000000c   Code   RO         4257    i.NVIC_Configuration  sys.o
    0x08000b36   0x00000002   PAD
    0x08000b38   0x00000070   Code   RO          341    i.NVIC_Init         misc.o
    0x08000ba8   0x00000014   Code   RO          342    i.NVIC_PriorityGroupConfig  misc.o
    0x08000bbc   0x00000002   Code   RO          271    i.PendSV_Handler    stm32f10x_it.o
    0x08000bbe   0x00000002   PAD
    0x08000bc0   0x00000020   Code   RO         2128    i.RCC_APB2PeriphClockCmd  stm32f10x_rcc.o
    0x08000be0   0x000000d4   Code   RO         2136    i.RCC_GetClocksFreq  stm32f10x_rcc.o
    0x08000cb4   0x00000128   Code   RO         4067    i.Read_SOCK_Data_Buffer  w5500.o
    0x08000ddc   0x00000044   Code   RO         4068    i.Read_W5500_1Byte  w5500.o
    0x08000e20   0x00000050   Code   RO         4069    i.Read_W5500_SOCK_1Byte  w5500.o
    0x08000e70   0x00000068   Code   RO         4070    i.Read_W5500_SOCK_2Byte  w5500.o
    0x08000ed8   0x00000020   Code   RO         4071    i.SPI1_Send_Byte    w5500.o
    0x08000ef8   0x0000001c   Code   RO         4072    i.SPI1_Send_Short   w5500.o
    0x08000f14   0x00000018   Code   RO         2641    i.SPI_Cmd           stm32f10x_spi.o
    0x08000f2c   0x000000a4   Code   RO         4073    i.SPI_Configuration  w5500.o
    0x08000fd0   0x00000012   Code   RO         2649    i.SPI_I2S_GetFlagStatus  stm32f10x_spi.o
    0x08000fe2   0x00000006   Code   RO         2652    i.SPI_I2S_ReceiveData  stm32f10x_spi.o
    0x08000fe8   0x00000004   Code   RO         2653    i.SPI_I2S_SendData  stm32f10x_spi.o
    0x08000fec   0x0000003c   Code   RO         2654    i.SPI_Init          stm32f10x_spi.o
    0x08001028   0x00000002   Code   RO          272    i.SVC_Handler       stm32f10x_it.o
    0x0800102a   0x00000008   Code   RO         4373    i.SetSysClock       system_stm32f10x_1.o
    0x08001032   0x00000002   PAD
    0x08001034   0x000000e0   Code   RO         4374    i.SetSysClockTo72   system_stm32f10x_1.o
    0x08001114   0x00000046   Code   RO         4074    i.Socket_Connect    w5500.o
    0x0800115a   0x00000002   PAD
    0x0800115c   0x00000074   Code   RO         4075    i.Socket_Init       w5500.o
    0x080011d0   0x00000066   Code   RO         4076    i.Socket_Listen     w5500.o
    0x08001236   0x0000003c   Code   RO         4077    i.Socket_UDP        w5500.o
    0x08001272   0x00000008   Code   RO          273    i.SysTick_Handler   stm32f10x_it.o
    0x0800127a   0x00000002   PAD
    0x0800127c   0x00000078   Code   RO         4258    i.SysTick_Init      sys.o
    0x080012f4   0x00000060   Code   RO         4376    i.SystemInit        system_stm32f10x_1.o
    0x08001354   0x00000020   Code   RO         3892    i.TIM4_IRQHandler   porttimer.o
    0x08001374   0x00000006   Code   RO         2803    i.TIM_ClearITPendingBit  stm32f10x_tim.o
    0x0800137a   0x00000022   Code   RO         2829    i.TIM_GetITStatus   stm32f10x_tim.o
    0x0800139c   0x00000018   Code   RO         4259    i.TimingDelay_Decrement  sys.o
    0x080013b4   0x00000088   Code   RO         4313    i.USART1_IRQHandler  usart.o
    0x0800143c   0x00000018   Code   RO         3356    i.USART_Cmd         stm32f10x_usart.o
    0x08001454   0x00000054   Code   RO         3360    i.USART_GetITStatus  stm32f10x_usart.o
    0x080014a8   0x0000004a   Code   RO         3362    i.USART_ITConfig    stm32f10x_usart.o
    0x080014f2   0x00000002   PAD
    0x080014f4   0x000000d8   Code   RO         3363    i.USART_Init        stm32f10x_usart.o
    0x080015cc   0x0000000a   Code   RO         3370    i.USART_ReceiveData  stm32f10x_usart.o
    0x080015d6   0x00000004   Code   RO          274    i.UsageFault_Handler  stm32f10x_it.o
    0x080015da   0x00000002   PAD
    0x080015dc   0x00000068   Code   RO         4078    i.W5500_GPIO_Configuration  w5500.o
    0x08001644   0x00000034   Code   RO         4079    i.W5500_Hardware_Reset  w5500.o
    0x08001678   0x00000098   Code   RO         4080    i.W5500_Init        w5500.o
    0x08001710   0x000000c0   Code   RO         4081    i.W5500_Interrupt_Process  w5500.o
    0x080017d0   0x00000020   Code   RO         4082    i.W5500_NVIC_Configuration  w5500.o
    0x080017f0   0x00000068   Code   RO         4083    i.W5500_Socket_Set  w5500.o
    0x08001858   0x0000010c   Code   RO         4084    i.Write_SOCK_Data_Buffer  w5500.o
    0x08001964   0x00000030   Code   RO         4085    i.Write_W5500_1Byte  w5500.o
    0x08001994   0x00000030   Code   RO         4086    i.Write_W5500_2Byte  w5500.o
    0x080019c4   0x0000003c   Code   RO         4087    i.Write_W5500_SOCK_1Byte  w5500.o
    0x08001a00   0x0000003c   Code   RO         4088    i.Write_W5500_SOCK_2Byte  w5500.o
    0x08001a3c   0x00000054   Code   RO         4089    i.Write_W5500_SOCK_4Byte  w5500.o
    0x08001a90   0x00000044   Code   RO         4090    i.Write_W5500_nByte  w5500.o
    0x08001ad4   0x00000006   Code   RO         4314    i._sys_exit         usart.o
    0x08001ada   0x00000002   PAD
    0x08001adc   0x00000028   Code   RO            3    i.eMBEnable         mb.o
    0x08001b04   0x000000a6   Code   RO         3619    i.eMBFuncReadCoils  mbfunccoils.o
    0x08001baa   0x000000a4   Code   RO         3646    i.eMBFuncReadDiscreteInputs  mbfuncdisc.o
    0x08001c4e   0x00000084   Code   RO         3658    i.eMBFuncReadHoldingRegister  mbfuncholding.o
    0x08001cd2   0x00000084   Code   RO         3688    i.eMBFuncReadInputRegister  mbfuncinput.o
    0x08001d56   0x000000d4   Code   RO         3659    i.eMBFuncReadWriteMultipleHoldingRegister  mbfuncholding.o
    0x08001e2a   0x00000002   PAD
    0x08001e2c   0x00000028   Code   RO         3700    i.eMBFuncReportSlaveID  mbfuncother.o
    0x08001e54   0x0000006c   Code   RO         3620    i.eMBFuncWriteCoil  mbfunccoils.o
    0x08001ec0   0x0000003e   Code   RO         3660    i.eMBFuncWriteHoldingRegister  mbfuncholding.o
    0x08001efe   0x0000008e   Code   RO         3621    i.eMBFuncWriteMultipleCoils  mbfunccoils.o
    0x08001f8c   0x0000006a   Code   RO         3661    i.eMBFuncWriteMultipleHoldingRegister  mbfuncholding.o
    0x08001ff6   0x00000002   PAD
    0x08001ff8   0x00000138   Code   RO            5    i.eMBPoll           mb.o
    0x08002130   0x00000098   Code   RO           96    i.eMBRegCoilsCB     main.o
    0x080021c8   0x00000060   Code   RO           97    i.eMBRegDiscreteCB  main.o
    0x08002228   0x00000084   Code   RO           98    i.eMBRegHoldingCB   main.o
    0x080022ac   0x0000004c   Code   RO           99    i.eMBRegInputCB     main.o
    0x080022f8   0x00000014   Code   RO         3824    i.eMBTCPDoInit      mbtcp.o
    0x0800230c   0x00000088   Code   RO            7    i.eMBTCPInit        mb.o
    0x08002394   0x00000048   Code   RO         3825    i.eMBTCPReceive     mbtcp.o
    0x080023dc   0x00000030   Code   RO         3826    i.eMBTCPSend        mbtcp.o
    0x0800240c   0x00000002   Code   RO         3827    i.eMBTCPStart       mbtcp.o
    0x0800240e   0x00000008   Code   RO         3828    i.eMBTCPStop        mbtcp.o
    0x08002416   0x00000002   PAD
    0x08002418   0x0000001c   Code   RO         4315    i.fputc             usart.o
    0x08002434   0x00000114   Code   RO          100    i.main              main.o
    0x08002548   0x00000022   Code   RO         3721    i.prveMBError2Exception  mbutils.o
    0x0800256a   0x00000002   PAD
    0x0800256c   0x00000010   Code   RO         3893    i.prvvTIMERExpiredISR  porttimer.o
    0x0800257c   0x000000a0   Code   RO         4316    i.uart_init         usart.o
    0x0800261c   0x00000002   Code   RO         3952    i.vMBTCPPortDisable  porttcp.o
    0x0800261e   0x00000002   PAD
    0x08002620   0x0000002c   Code   RO         3863    i.xMBPortEventGet   portevent.o
    0x0800264c   0x00000010   Code   RO         3864    i.xMBPortEventInit  portevent.o
    0x0800265c   0x00000018   Code   RO         3865    i.xMBPortEventPost  portevent.o
    0x08002674   0x00000050   Code   RO         3953    i.xMBPortTCPPool    porttcp.o
    0x080026c4   0x00000020   Code   RO         3954    i.xMBTCPPortGetRequest  porttcp.o
    0x080026e4   0x00000020   Code   RO         3955    i.xMBTCPPortInit    porttcp.o
    0x08002704   0x00000014   Code   RO         3956    i.xMBTCPPortSendResponse  porttcp.o
    0x08002718   0x0000002a   Code   RO         3722    i.xMBUtilGetBits    mbutils.o
    0x08002742   0x00000002   PAD
    0x08002744   0x00000094   Code   RO         3723    i.xMBUtilSetBits    mbutils.o
    0x080027d8   0x00000028   Data   RO         4430    .constdata          c_w.l(_printf_hex_int.o)
    0x08002800   0x00000020   Data   RO         4652    Region$$Table       anon$$obj.o


    Execution Region RW_IRAM1 (Base: 0x20000000, Size: 0x00000990, Max: 0x00010000, ABSOLUTE, COMPRESSED[0x00000080])

    Base Addr    Size         Type   Attr      Idx    E Section Name        Object

    0x20000000   0x000000b5   Data   RW            8    .data               mb.o
    0x200000b5   0x00000001   PAD
    0x200000b6   0x00000028   Data   RW          101    .data               main.o
    0x200000de   0x00000014   Data   RW         2156    .data               stm32f10x_rcc.o
    0x200000f2   0x00000002   Data   RW         3703    .data               mbfuncother.o
    0x200000f4   0x00000002   Data   RW         3866    .data               portevent.o
    0x200000f6   0x00000002   Data   RW         3958    .data               porttcp.o
    0x200000f8   0x00000024   Data   RW         4092    .data               w5500.o
    0x2000011c   0x00000004   Data   RW         4260    .data               sys.o
    0x20000120   0x00000006   Data   RW         4318    .data               usart.o
    0x20000126   0x00000002   PAD
    0x20000128   0x00000014   Data   RW         4377    .data               system_stm32f10x_1.o
    0x2000013c   0x00000020   Zero   RW         3702    .bss                mbfuncother.o
    0x2000015c   0x00000107   Zero   RW         3957    .bss                porttcp.o
    0x20000263   0x000000c8   Zero   RW         4317    .bss                usart.o
    0x2000032b   0x00000001   PAD
    0x2000032c   0x00000060   Zero   RW         4539    .bss                c_w.l(libspace.o)
    0x2000038c   0x00000004   PAD
    0x20000390   0x00000200   Zero   RW         4364    HEAP                startup_stm32f10x_hd.o
    0x20000590   0x00000400   Zero   RW         4363    STACK               startup_stm32f10x_hd.o


==============================================================================

Image component sizes


      Code (inc. data)   RO Data    RW Data    ZI Data      Debug   Object Name

       732        114          0         40          0      55402   main.o
       488        102          0        181          0      11039   mb.o
       416          0          0          0          0       3574   mbfunccoils.o
       164          0          0          0          0       1492   mbfuncdisc.o
       512          0          0          0          0       4763   mbfuncholding.o
       132          0          0          0          0       1447   mbfuncinput.o
        40         10          0          2         32       1243   mbfuncother.o
       150          0          0          0          0       3271   mbtcp.o
       224         44          0          0          0       2450   mbutils.o
       132         22          0          0          0     208239   misc.o
        84         22          0          2          0       1908   portevent.o
       166         28          0          2        263       3318   porttcp.o
        48         12          0          0          0       1362   porttimer.o
        64         26        304          0       1536        804   startup_stm32f10x_hd.o
       200         18          0          0          0       1884   stm32f10x_exti.o
       350          4          0          0          0       3378   stm32f10x_gpio.o
        32          0          0          0          0       3590   stm32f10x_it.o
       244         26          0         20          0       3653   stm32f10x_rcc.o
       112          0          0          0          0       3498   stm32f10x_spi.o
        40          0          0          0          0       1582   stm32f10x_tim.o
       408          6          0          0          0       4666   stm32f10x_usart.o
       230         26          0          4          0      24671   sys.o
       328         28          0         20          0       2157   system_stm32f10x_1.o
       330         26          0          6        200       3856   usart.o
      2740        198          0         36          0      19670   w5500.o

    ----------------------------------------------------------------------
      8398        712        336        316       2032     372917   Object Totals
         0          0         32          0          0          0   (incl. Generated)
        32          0          0          3          1          0   (incl. Padding)

    ----------------------------------------------------------------------

      Code (inc. data)   RO Data    RW Data    ZI Data      Debug   Library Member Name

        90          0          0          0          0          0   __dczerorl2.o
         8          0          0          0          0         68   __main.o
       104          0          0          0          0         84   __printf.o
         0          0          0          0          0          0   __rtentry.o
        12          0          0          0          0          0   __rtentry2.o
         6          0          0          0          0          0   __rtentry4.o
        52          8          0          0          0          0   __scatter.o
        28          0          0          0          0          0   __scatter_zi.o
        48          6          0          0          0         96   _printf_char_common.o
        36          4          0          0          0         80   _printf_char_file.o
         6          0          0          0          0          0   _printf_d.o
       120         16          0          0          0         92   _printf_dec.o
        88          4         40          0          0         88   _printf_hex_int.o
       178          0          0          0          0         88   _printf_intcommon.o
         0          0          0          0          0          0   _printf_percent.o
         4          0          0          0          0          0   _printf_percent_end.o
         6          0          0          0          0          0   _printf_x.o
        22          0          0          0          0         80   abort.o
       128         42          0          0          0         76   assert.o
        20          0          0          0          0         76   assert_puts.o
        48         34          0          0          0         76   defsig_abrt_inner.o
        14          0          0          0          0         80   defsig_abrt_outer.o
        10          0          0          0          0         68   defsig_exit.o
        50          0          0          0          0         88   defsig_general.o
        18          0          0          0          0         80   exit.o
         8          0          0          0          0         68   ferror.o
         6          0          0          0          0        152   heapauxi.o
         0          0          0          0          0          0   indicate_semi.o
         2          0          0          0          0          0   libinit.o
         2          0          0          0          0          0   libinit2.o
         2          0          0          0          0          0   libshutdown.o
         2          0          0          0          0          0   libshutdown2.o
         8          4          0          0         96         68   libspace.o
        24          4          0          0          0         84   noretval__2printf.o
       138          0          0          0          0         68   rt_memcpy_v6.o
       100          0          0          0          0         80   rt_memcpy_w.o
         2          0          0          0          0          0   rtexit.o
        10          0          0          0          0          0   rtexit2.o
        74          0          0          0          0         80   sys_stackheap_outer.o
        14          0          0          0          0         76   sys_wrch.o
         2          0          0          0          0         68   use_no_semi.o

    ----------------------------------------------------------------------
      1498        122         40          0        100       1964   Library Totals
         8          0          0          0          4          0   (incl. Padding)

    ----------------------------------------------------------------------

      Code (inc. data)   RO Data    RW Data    ZI Data      Debug   Library Name

      1490        122         40          0         96       1964   c_w.l

    ----------------------------------------------------------------------
      1498        122         40          0        100       1964   Library Totals

    ----------------------------------------------------------------------

==============================================================================


      Code (inc. data)   RO Data    RW Data    ZI Data      Debug   

      9896        834        376        316       2132     368481   Grand Totals
      9896        834        376        128       2132     368481   ELF Image Totals (compressed)
      9896        834        376        128          0          0   ROM Totals

==============================================================================

    Total RO  Size (Code + RO Data)                10272 (  10.03kB)
    Total RW  Size (RW Data + ZI Data)              2448 (   2.39kB)
    Total ROM Size (Code + RO Data + RW Data)      10400 (  10.16kB)

==============================================================================

